Archive member included because of file (symbol)

C:\Users\ccj\AppData\Local\arduino15\packages\arduino\hardware\sam\1.6.11\variants\arduino_due_x/libsam_sam3x8e_gcc_rel.a(pio.o)
                              C:\Users\ccj\AppData\Local\Temp\VMBuilds\ArduinoDueIpCamera\arduino_due_x_dbg\Debug\SPI\SPI.cpp.o (PIO_Configure)
C:\Users\ccj\AppData\Local\arduino15\packages\arduino\hardware\sam\1.6.11\variants\arduino_due_x/libsam_sam3x8e_gcc_rel.a(pmc.o)
                              C:\Users\ccj\AppData\Local\Temp\VMBuilds\ArduinoDueIpCamera\arduino_due_x_dbg\Debug\variant\variant.cpp.o (pmc_enable_periph_clk)
C:\Users\ccj\AppData\Local\arduino15\packages\arduino\hardware\sam\1.6.11\variants\arduino_due_x/libsam_sam3x8e_gcc_rel.a(spi.o)
                              C:\Users\ccj\AppData\Local\Temp\VMBuilds\ArduinoDueIpCamera\arduino_due_x_dbg\Debug\SPI\SPI.cpp.o (SPI_Enable)
C:\Users\ccj\AppData\Local\arduino15\packages\arduino\hardware\sam\1.6.11\variants\arduino_due_x/libsam_sam3x8e_gcc_rel.a(system_sam3xa.o)
                              C:\Users\ccj\AppData\Local\Temp\VMBuilds\ArduinoDueIpCamera\arduino_due_x_dbg\Debug\variant\variant.cpp.o (SystemInit)
C:\Users\ccj\AppData\Local\arduino15\packages\arduino\hardware\sam\1.6.11\variants\arduino_due_x/libsam_sam3x8e_gcc_rel.a(startup_sam3xa.o)
                              (Reset_Handler)
C:\Users\ccj\AppData\Local\arduino15\packages\arduino\hardware\sam\1.6.11\variants\arduino_due_x/libsam_sam3x8e_gcc_rel.a(adc.o)
                              C:\Users\ccj\AppData\Local\Temp\VMBuilds\ArduinoDueIpCamera\arduino_due_x_dbg\Debug\variant\variant.cpp.o (adc_init)
C:\Users\ccj\AppData\Local\arduino15\packages\arduino\hardware\sam\1.6.11\variants\arduino_due_x/libsam_sam3x8e_gcc_rel.a(uotghs.o)
                              C:\Users\ccj\AppData\Local\arduino15\packages\arduino\hardware\sam\1.6.11\variants\arduino_due_x/libsam_sam3x8e_gcc_rel.a(startup_sam3xa.o) (UOTGHS_Handler)
C:\Users\ccj\AppData\Local\Temp\VMBuilds\ArduinoDueIpCamera\arduino_due_x_dbg\Debug/core.a(cortex_handlers.c.o)
                              C:\Users\ccj\AppData\Local\arduino15\packages\arduino\hardware\sam\1.6.11\variants\arduino_due_x/libsam_sam3x8e_gcc_rel.a(startup_sam3xa.o) (NMI_Handler)
C:\Users\ccj\AppData\Local\Temp\VMBuilds\ArduinoDueIpCamera\arduino_due_x_dbg\Debug/core.a(hooks.c.o)
                              C:\Users\ccj\AppData\Local\Temp\VMBuilds\ArduinoDueIpCamera\arduino_due_x_dbg\Debug/core.a(cortex_handlers.c.o) (sysTickHook)
C:\Users\ccj\AppData\Local\Temp\VMBuilds\ArduinoDueIpCamera\arduino_due_x_dbg\Debug/core.a(syscalls_sam3.c.o)
                              (_sbrk)
C:\Users\ccj\AppData\Local\Temp\VMBuilds\ArduinoDueIpCamera\arduino_due_x_dbg\Debug/core.a(wiring.c.o)
                              C:\Users\ccj\AppData\Local\Temp\VMBuilds\ArduinoDueIpCamera\arduino_due_x_dbg\Debug\SD\utility\Sd2Card.cpp.o (millis)
C:\Users\ccj\AppData\Local\Temp\VMBuilds\ArduinoDueIpCamera\arduino_due_x_dbg\Debug/core.a(wiring_analog.c.o)
                              C:\Users\ccj\AppData\Local\Temp\VMBuilds\ArduinoDueIpCamera\arduino_due_x_dbg\Debug\variant\variant.cpp.o (analogOutputInit)
C:\Users\ccj\AppData\Local\Temp\VMBuilds\ArduinoDueIpCamera\arduino_due_x_dbg\Debug/core.a(wiring_digital.c.o)
                              C:\Users\ccj\AppData\Local\Temp\VMBuilds\ArduinoDueIpCamera\arduino_due_x_dbg\Debug\SPI\SPI.cpp.o (pinMode)
C:\Users\ccj\AppData\Local\Temp\VMBuilds\ArduinoDueIpCamera\arduino_due_x_dbg\Debug/core.a(abi.cpp.o)
                              C:\Users\ccj\AppData\Local\Temp\VMBuilds\ArduinoDueIpCamera\arduino_due_x_dbg\Debug\SD\File.cpp.o (__cxa_pure_virtual)
C:\Users\ccj\AppData\Local\Temp\VMBuilds\ArduinoDueIpCamera\arduino_due_x_dbg\Debug/core.a(IPAddress.cpp.o)
                              C:\Users\ccj\AppData\Local\Temp\VMBuilds\ArduinoDueIpCamera\arduino_due_x_dbg\Debug\Ethernet2\Ethernet2.cpp.o (IPAddress::IPAddress())
C:\Users\ccj\AppData\Local\Temp\VMBuilds\ArduinoDueIpCamera\arduino_due_x_dbg\Debug/core.a(main.cpp.o)
                              c:/users/ccj/appdata/local/arduino15/packages/arduino/tools/arm-none-eabi-gcc/4.8.3-2014q1/bin/../lib/gcc/arm-none-eabi/4.8.3/../../../../arm-none-eabi/lib/armv7-m/crt0.o (main)
C:\Users\ccj\AppData\Local\Temp\VMBuilds\ArduinoDueIpCamera\arduino_due_x_dbg\Debug/core.a(new.cpp.o)
                              C:\Users\ccj\AppData\Local\Temp\VMBuilds\ArduinoDueIpCamera\arduino_due_x_dbg\Debug\Ethernet2\Ethernet2.cpp.o (operator new(unsigned int))
C:\Users\ccj\AppData\Local\Temp\VMBuilds\ArduinoDueIpCamera\arduino_due_x_dbg\Debug/core.a(Print.cpp.o)
                              C:\Users\ccj\AppData\Local\Temp\VMBuilds\ArduinoDueIpCamera\arduino_due_x_dbg\Debug\SD\File.cpp.o (Print::write(unsigned char const*, unsigned int))
C:\Users\ccj\AppData\Local\Temp\VMBuilds\ArduinoDueIpCamera\arduino_due_x_dbg\Debug/core.a(Reset.cpp.o)
[...]
Memory Configuration

Name             Origin             Length             Attributes
rom              0x00080000         0x00080000         xr
sram0            0x20000000         0x00010000         xrw
sram1            0x20080000         0x00008000         xrw
ram              0x20070000         0x00018000         xrw
*default*        0x00000000         0xffffffff

Linker script and memory map

LOAD c:/users/ccj/appdata/local/arduino15/packages/arduino/tools/arm-none-eabi-gcc/4.8.3-2014q1/bin/../lib/gcc/arm-none-eabi/4.8.3/armv7-m/crti.o
LOAD c:/users/ccj/appdata/local/arduino15/packages/arduino/tools/arm-none-eabi-gcc/4.8.3-2014q1/bin/../lib/gcc/arm-none-eabi/4.8.3/armv7-m/crtbegin.o
LOAD c:/users/ccj/appdata/local/arduino15/packages/arduino/tools/arm-none-eabi-gcc/4.8.3-2014q1/bin/../lib/gcc/arm-none-eabi/4.8.3/../../../../arm-none-eabi/lib/armv7-m/crt0.o
START GROUP
LOAD C:\Users\ccj\AppData\Local\Temp\VMBuilds\ArduinoDueIpCamera\arduino_due_x_dbg\Debug\ArduinoDueIpCamera.cpp.o
LOAD C:\Users\ccj\AppData\Local\Temp\VMBuilds\ArduinoDueIpCamera\arduino_due_x_dbg\Debug\cameraProcess.cpp.o
LOAD C:\Users\ccj\AppData\Local\Temp\VMBuilds\ArduinoDueIpCamera\arduino_due_x_dbg\Debug\ethernetProcess.cpp.o
LOAD C:\Users\ccj\AppData\Local\Temp\VMBuilds\ArduinoDueIpCamera\arduino_due_x_dbg\Debug\keyProcess.cpp.o
LOAD C:\Users\ccj\AppData\Local\Temp\VMBuilds\ArduinoDueIpCamera\arduino_due_x_dbg\Debug\sdProcess.cpp.o
LOAD C:\Users\ccj\AppData\Local\Temp\VMBuilds\ArduinoDueIpCamera\arduino_due_x_dbg\Debug\uCam.cpp.o
LOAD C:\Users\ccj\AppData\Local\Temp\VMBuilds\ArduinoDueIpCamera\arduino_due_x_dbg\Debug\SPI\SPI.cpp.o
LOAD C:\Users\ccj\AppData\Local\Temp\VMBuilds\ArduinoDueIpCamera\arduino_due_x_dbg\Debug\SD\File.cpp.o
LOAD C:\Users\ccj\AppData\Local\Temp\VMBuilds\ArduinoDueIpCamera\arduino_due_x_dbg\Debug\SD\SD.cpp.o
LOAD C:\Users\ccj\AppData\Local\Temp\VMBuilds\ArduinoDueIpCamera\arduino_due_x_dbg\Debug\SD\utility\Sd2Card.cpp.o
LOAD C:\Users\ccj\AppData\Local\Temp\VMBuilds\ArduinoDueIpCamera\arduino_due_x_dbg\Debug\SD\utility\SdFile.cpp.o
LOAD C:\Users\ccj\AppData\Local\Temp\VMBuilds\ArduinoDueIpCamera\arduino_due_x_dbg\Debug\SD\utility\SdVolume.cpp.o
LOAD C:\Users\ccj\AppData\Local\Temp\VMBuilds\ArduinoDueIpCamera\arduino_due_x_dbg\Debug\Ethernet2\Dhcp.cpp.o
LOAD C:\Users\ccj\AppData\Local\Temp\VMBuilds\ArduinoDueIpCamera\arduino_due_x_dbg\Debug\Ethernet2\Dns.cpp.o
LOAD C:\Users\ccj\AppData\Local\Temp\VMBuilds\ArduinoDueIpCamera\arduino_due_x_dbg\Debug\Ethernet2\Ethernet2.cpp.o
LOAD C:\Users\ccj\AppData\Local\Temp\VMBuilds\ArduinoDueIpCamera\arduino_due_x_dbg\Debug\Ethernet2\EthernetClient.cpp.o
LOAD C:\Users\ccj\AppData\Local\Temp\VMBuilds\ArduinoDueIpCamera\arduino_due_x_dbg\Debug\Ethernet2\EthernetServer.cpp.o
LOAD C:\Users\ccj\AppData\Local\Temp\VMBuilds\ArduinoDueIpCamera\arduino_due_x_dbg\Debug\Ethernet2\EthernetUdp2.cpp.o
LOAD C:\Users\ccj\AppData\Local\Temp\VMBuilds\ArduinoDueIpCamera\arduino_due_x_dbg\Debug\Ethernet2\Twitter.cpp.o
LOAD C:\Users\ccj\AppData\Local\Temp\VMBuilds\ArduinoDueIpCamera\arduino_due_x_dbg\Debug\Ethernet2\utility\socket.cpp.o
LOAD C:\Users\ccj\AppData\Local\Temp\VMBuilds\ArduinoDueIpCamera\arduino_due_x_dbg\Debug\Ethernet2\utility\w5500.cpp.o
LOAD C:\Users\ccj\AppData\Local\Temp\VMBuilds\ArduinoDueIpCamera\arduino_due_x_dbg\Debug\variant\variant.cpp.o
LOAD C:\Users\ccj\AppData\Local\arduino15\packages\arduino\hardware\sam\1.6.11\variants\arduino_due_x/libsam_sam3x8e_gcc_rel.a
LOAD C:\Users\ccj\AppData\Local\Temp\VMBuilds\ArduinoDueIpCamera\arduino_due_x_dbg\Debug/core.a
END GROUP
LOAD c:/users/ccj/appdata/local/arduino15/packages/arduino/tools/arm-none-eabi-gcc/4.8.3-2014q1/bin/../lib/gcc/arm-none-eabi/4.8.3/../../../../arm-none-eabi/lib/armv7-m\libm.a
START GROUP
LOAD c:/users/ccj/appdata/local/arduino15/packages/arduino/tools/arm-none-eabi-gcc/4.8.3-2014q1/bin/../lib/gcc/arm-none-eabi/4.8.3/armv7-m\libgcc.a
LOAD c:/users/ccj/appdata/local/arduino15/packages/arduino/tools/arm-none-eabi-gcc/4.8.3-2014q1/bin/../lib/gcc/arm-none-eabi/4.8.3/../../../../arm-none-eabi/lib/armv7-m\libg.a
LOAD c:/users/ccj/appdata/local/arduino15/packages/arduino/tools/arm-none-eabi-gcc/4.8.3-2014q1/bin/../lib/gcc/arm-none-eabi/4.8.3/../../../../arm-none-eabi/lib/armv7-m\libc.a
END GROUP
LOAD c:/users/ccj/appdata/local/arduino15/packages/arduino/tools/arm-none-eabi-gcc/4.8.3-2014q1/bin/../lib/gcc/arm-none-eabi/4.8.3/armv7-m/crtend.o
LOAD c:/users/ccj/appdata/local/arduino15/packages/arduino/tools/arm-none-eabi-gcc/4.8.3-2014q1/bin/../lib/gcc/arm-none-eabi/4.8.3/armv7-m/crtn.o

.text           0x00080000     0x96fc
                0x00080000                . = ALIGN (0x4)
                0x00080000                _sfixed = .
 *(.vectors .vectors.*)
 .vectors       0x00080000       0xf4 C:\Users\ccj\AppData\Local\arduino15\packages\arduino\hardware\sam\1.6.11\variants\arduino_due_x/libsam_sam3x8e_gcc_rel.a(startup_sam3xa.o)
                0x00080000                exception_table
 *(.text .text.* .gnu.linkonce.t.*)
 .text          0x000800f4       0x54 c:/users/ccj/appdata/local/arduino15/packages/arduino/tools/arm-none-eabi-gcc/4.8.3-2014q1/bin/../lib/gcc/arm-none-eabi/4.8.3/armv7-m/crtbegin.o
 .text.setup    0x00080148       0x24 C:\Users\ccj\AppData\Local\Temp\VMBuilds\ArduinoDueIpCamera\arduino_due_x_dbg\Debug\ArduinoDueIpCamera.cpp.o
                0x00080148                setup
 .text.loop     0x0008016c       0x16 C:\Users\ccj\AppData\Local\Temp\VMBuilds\ArduinoDueIpCamera\arduino_due_x_dbg\Debug\ArduinoDueIpCamera.cpp.o
                0x0008016c                loop
 *fill*         0x00080182        0x2 
 .text.startup._GLOBAL__sub_I_setup
                0x00080184       0x1c C:\Users\ccj\AppData\Local\Temp\VMBuilds\ArduinoDueIpCamera\arduino_due_x_dbg\Debug\ArduinoDueIpCamera.cpp.o
 .text._ZL8cameraCbPviPhiiii
                0x000801a0       0xc4 C:\Users\ccj\AppData\Local\Temp\VMBuilds\ArduinoDueIpCamera\arduino_due_x_dbg\Debug\ArduinoDueIpCamera.cpp.o
 .text._Z19camera_startPreviewv
                0x00080264       0x28 C:\Users\ccj\AppData\Local\Temp\VMBuilds\ArduinoDueIpCamera\arduino_due_x_dbg\Debug\cameraProcess.cpp.o
                0x00080264                camera_startPreview()
 .text._Z18camera_stopPreviewv
                0x0008028c       0x24 C:\Users\ccj\AppData\Local\Temp\VMBuilds\ArduinoDueIpCamera\arduino_due_x_dbg\Debug\cameraProcess.cpp.o
                0x0008028c                camera_stopPreview()
 .text._Z15defaultCallbackPviPhiiii
                0x000802b0       0x28 C:\Users\ccj\AppData\Local\Temp\VMBuilds\ArduinoDueIpCamera\arduino_due_x_dbg\Debug\cameraProcess.cpp.o
                0x000802b0                defaultCallback(void*, int, unsigned char*, int, int, int, int)
 .text._Z17setCameraCallbackPvPFvS_iPhiiiiE
                0x000802d8       0x14 C:\Users\ccj\AppData\Local\Temp\VMBuilds\ArduinoDueIpCamera\arduino_due_x_dbg\Debug\cameraProcess.cpp.o
                0x000802d8                setCameraCallback(void*, void (*)(void*, int, unsigned char*, int, int, int, int))
 .text._Z11camera_loopv
                0x000802ec       0xac C:\Users\ccj\AppData\Local\Temp\VMBuilds\ArduinoDueIpCamera\arduino_due_x_dbg\Debug\cameraProcess.cpp.o
                0x000802ec                camera_loop()
 .text.startup._GLOBAL__sub_I_camera
                0x00080398       0x24 C:\Users\ccj\AppData\Local\Temp\VMBuilds\ArduinoDueIpCamera\arduino_due_x_dbg\Debug\cameraProcess.cpp.o
 .text._Z12camera_setupv
                0x000803bc       0x4c C:\Users\ccj\AppData\Local\Temp\VMBuilds\ArduinoDueIpCamera\arduino_due_x_dbg\Debug\cameraProcess.cpp.o
                0x000803bc                camera_setup()
 .text._Z14ethernet_setupv
                0x00080408      0x104 C:\Users\ccj\AppData\Local\Temp\VMBuilds\ArduinoDueIpCamera\arduino_due_x_dbg\Debug\ethernetProcess.cpp.o
                0x00080408                ethernet_setup()
 .text.startup._GLOBAL__sub_I_mac
                0x0008050c       0xd8 C:\Users\ccj\AppData\Local\Temp\VMBuilds\ArduinoDueIpCamera\arduino_due_x_dbg\Debug\ethernetProcess.cpp.o
 .text._Z13ethernet_loopv
                0x000805e4      0x120 C:\Users\ccj\AppData\Local\Temp\VMBuilds\ArduinoDueIpCamera\arduino_due_x_dbg\Debug\ethernetProcess.cpp.o
                0x000805e4                ethernet_loop()
 .text._Z8key_loopv
                0x00080704        0x2 C:\Users\ccj\AppData\Local\Temp\VMBuilds\ArduinoDueIpCamera\arduino_due_x_dbg\Debug\keyProcess.cpp.o
                0x00080704                key_loop()
 *fill*         0x00080706        0x2 
 .text._Z9key_setupv
                0x00080708       0x24 C:\Users\ccj\AppData\Local\Temp\VMBuilds\ArduinoDueIpCamera\arduino_due_x_dbg\Debug\keyProcess.cpp.o
                0x00080708                key_setup()
 .text._Z8sd_setupv
                0x0008072c      0x150 C:\Users\ccj\AppData\Local\Temp\VMBuilds\ArduinoDueIpCamera\arduino_due_x_dbg\Debug\sdProcess.cpp.o
                0x0008072c                sd_setup()
 .text._Z7sd_loopv
                0x0008087c        0x2 C:\Users\ccj\AppData\Local\Temp\VMBuilds\ArduinoDueIpCamera\arduino_due_x_dbg\Debug\sdProcess.cpp.o
                0x0008087c                sd_loop()
 *fill*         0x0008087e        0x2 
 .text.startup._GLOBAL__sub_I_card
                0x00080880       0x34 C:\Users\ccj\AppData\Local\Temp\VMBuilds\ArduinoDueIpCamera\arduino_due_x_dbg\Debug\sdProcess.cpp.o
 .text._ZN4uCamC2Ev
                0x000808b4       0x18 C:\Users\ccj\AppData\Local\Temp\VMBuilds\ArduinoDueIpCamera\arduino_due_x_dbg\Debug\uCam.cpp.o
                0x000808b4                uCam::uCam()
                0x000808b4                uCam::uCam()
 .text._ZN4uCam16send_generic_ackEv
                0x000808cc       0x20 C:\Users\ccj\AppData\Local\Temp\VMBuilds\ArduinoDueIpCamera\arduino_due_x_dbg\Debug\uCam.cpp.o
                0x000808cc                uCam::send_generic_ack()
 .text._ZN4uCam16numberOfPackagesEv
                0x000808ec        0x6 C:\Users\ccj\AppData\Local\Temp\VMBuilds\ArduinoDueIpCamera\arduino_due_x_dbg\Debug\uCam.cpp.o
                0x000808ec                uCam::numberOfPackages()
 .text._ZN4uCam14wait_for_bytesEPh
                0x000808f2       0x3a C:\Users\ccj\AppData\Local\Temp\VMBuilds\ArduinoDueIpCamera\arduino_due_x_dbg\Debug\uCam.cpp.o
                0x000808f2                uCam::wait_for_bytes(unsigned char*)
 .text._ZN4uCam12attempt_syncEv
                0x0008092c       0x74 C:\Users\ccj\AppData\Local\Temp\VMBuilds\ArduinoDueIpCamera\arduino_due_x_dbg\Debug\uCam.cpp.o
                0x0008092c                uCam::attempt_sync()
 .text._ZN4uCam4initENS_10color_typeENS_14raw_resolutionENS_15jpeg_resolutionES0_S1_S2_
                0x000809a0       0x38 C:\Users\ccj\AppData\Local\Temp\VMBuilds\ArduinoDueIpCamera\arduino_due_x_dbg\Debug\uCam.cpp.o
                0x000809a0                uCam::init(uCam::color_type, uCam::raw_resolution, uCam::jpeg_resolution, uCam::color_type, uCam::raw_resolution, uCam::jpeg_resolution)
 .text._ZN4uCam12send_initialENS_13function_modeE
                0x000809d8       0x7c C:\Users\ccj\AppData\Local\Temp\VMBuilds\ArduinoDueIpCamera\arduino_due_x_dbg\Debug\uCam.cpp.o
                0x000809d8                uCam::send_initial(uCam::function_mode)
 .text._ZN4uCam16set_package_sizeEv
                0x00080a54       0x48 C:\Users\ccj\AppData\Local\Temp\VMBuilds\ArduinoDueIpCamera\arduino_due_x_dbg\Debug\uCam.cpp.o
                0x00080a54                uCam::set_package_size()
 .text._ZN4uCam11do_snapshotEv
                0x00080a9c       0x48 C:\Users\ccj\AppData\Local\Temp\VMBuilds\ArduinoDueIpCamera\arduino_due_x_dbg\Debug\uCam.cpp.o
                0x00080a9c                uCam::do_snapshot()
 .text._ZN4uCam11get_pictureEv
                0x00080ae4       0x90 C:\Users\ccj\AppData\Local\Temp\VMBuilds\ArduinoDueIpCamera\arduino_due_x_dbg\Debug\uCam.cpp.o
                0x00080ae4                uCam::get_picture()
 .text._ZN4uCam11takePictureENS_13function_modeE
                0x00080b74       0x40 C:\Users\ccj\AppData\Local\Temp\VMBuilds\ArduinoDueIpCamera\arduino_due_x_dbg\Debug\uCam.cpp.o
                0x00080b74                uCam::takePicture(uCam::function_mode)
 .text._ZN4uCam7getDataEv
                0x00080bb4       0xa4 C:\Users\ccj\AppData\Local\Temp\VMBuilds\ArduinoDueIpCamera\arduino_due_x_dbg\Debug\uCam.cpp.o
                0x00080bb4                uCam::getData()
 .text._ZL10SPI_0_Initv
                0x00080c58       0x48 C:\Users\ccj\AppData\Local\Temp\VMBuilds\ArduinoDueIpCamera\arduino_due_x_dbg\Debug\SPI\SPI.cpp.o
 .text._ZN8SPIClass4initEv
                0x00080ca0       0x36 C:\Users\ccj\AppData\Local\Temp\VMBuilds\ArduinoDueIpCamera\arduino_due_x_dbg\Debug\SPI\SPI.cpp.o
                0x00080ca0                SPIClass::init()
 *fill*         0x00080cd6        0x2 
 .text._ZN8SPIClass16beginTransactionEh11SPISettings
                0x00080cd8       0x98 C:\Users\ccj\AppData\Local\Temp\VMBuilds\ArduinoDueIpCamera\arduino_due_x_dbg\Debug\SPI\SPI.cpp.o
                0x00080cd8                SPIClass::beginTransaction(unsigned char, SPISettings)
 .text._ZN8SPIClass14endTransactionEv
                0x00080d70       0x50 C:\Users\ccj\AppData\Local\Temp\VMBuilds\ArduinoDueIpCamera\arduino_due_x_dbg\Debug\SPI\SPI.cpp.o
                0x00080d70                SPIClass::endTransaction()
 .text._ZN8SPIClass11setDataModeEhh
                0x00080dc0       0x34 C:\Users\ccj\AppData\Local\Temp\VMBuilds\ArduinoDueIpCamera\arduino_due_x_dbg\Debug\SPI\SPI.cpp.o
                0x00080dc0                SPIClass::setDataMode(unsigned char, unsigned char)
 .text._ZN8SPIClass15setClockDividerEhh
                0x00080df4       0x2e C:\Users\ccj\AppData\Local\Temp\VMBuilds\ArduinoDueIpCamera\arduino_due_x_dbg\Debug\SPI\SPI.cpp.o
                0x00080df4                SPIClass::setClockDivider(unsigned char, unsigned char)
 .text._ZN8SPIClass5beginEv
                0x00080e22       0x22 C:\Users\ccj\AppData\Local\Temp\VMBuilds\ArduinoDueIpCamera\arduino_due_x_dbg\Debug\SPI\SPI.cpp.o
                0x00080e22                SPIClass::begin()
 .text._ZN8SPIClass8transferEhh15SPITransferMode
                0x00080e44       0x5e C:\Users\ccj\AppData\Local\Temp\VMBuilds\ArduinoDueIpCamera\arduino_due_x_dbg\Debug\SPI\SPI.cpp.o
                0x00080e44                SPIClass::transfer(unsigned char, unsigned char, SPITransferMode)
 *fill*         0x00080ea2        0x2 
 .text.startup._GLOBAL__sub_I__ZN8SPIClassC2EP3SpimPFvvE
                0x00080ea4       0x24 C:\Users\ccj\AppData\Local\Temp\VMBuilds\ArduinoDueIpCamera\arduino_due_x_dbg\Debug\SPI\SPI.cpp.o
 .text._ZN5SDLib4File5writeEh
                0x00080ec8       0x16 C:\Users\ccj\AppData\Local\Temp\VMBuilds\ArduinoDueIpCamera\arduino_due_x_dbg\Debug\SD\File.cpp.o
                0x00080ec8                SDLib::File::write(unsigned char)
 .text._ZN5SDLib4File5writeEPKhj
                0x00080ede       0x26 C:\Users\ccj\AppData\Local\Temp\VMBuilds\ArduinoDueIpCamera\arduino_due_x_dbg\Debug\SD\File.cpp.o
                0x00080ede                SDLib::File::write(unsigned char const*, unsigned int)
 .text._ZN5SDLib4File5flushEv
                0x00080f04        0xa C:\Users\ccj\AppData\Local\Temp\VMBuilds\ArduinoDueIpCamera\arduino_due_x_dbg\Debug\SD\File.cpp.o
                0x00080f04                SDLib::File::flush()
 .text._ZN6SdFile4readEv
                0x00080f0e       0x20 C:\Users\ccj\AppData\Local\Temp\VMBuilds\ArduinoDueIpCamera\arduino_due_x_dbg\Debug\SD\File.cpp.o
                0x00080f0e                SdFile::read()
 .text._ZN5SDLib4File4readEv
                0x00080f2e       0x12 C:\Users\ccj\AppData\Local\Temp\VMBuilds\ArduinoDueIpCamera\arduino_due_x_dbg\Debug\SD\File.cpp.o
                0x00080f2e                SDLib::File::read()
 .text._ZN5SDLib4File4peekEv
                0x00080f40       0x20 C:\Users\ccj\AppData\Local\Temp\VMBuilds\ArduinoDueIpCamera\arduino_due_x_dbg\Debug\SD\File.cpp.o
                0x00080f40                SDLib::File::peek()
 .text._ZN5SDLib4FileC2Ev
                0x00080f60       0x18 C:\Users\ccj\AppData\Local\Temp\VMBuilds\ArduinoDueIpCamera\arduino_due_x_dbg\Debug\SD\File.cpp.o
                0x00080f60                SDLib::File::File()
                0x00080f60                SDLib::File::File()
 .text._ZN5SDLib4File8positionEv
                0x00080f78        0xe C:\Users\ccj\AppData\Local\Temp\VMBuilds\ArduinoDueIpCamera\arduino_due_x_dbg\Debug\SD\File.cpp.o
                0x00080f78                SDLib::File::position()
 .text._ZN5SDLib4File4sizeEv
                0x00080f86        0x8 C:\Users\ccj\AppData\Local\Temp\VMBuilds\ArduinoDueIpCamera\arduino_due_x_dbg\Debug\SD\File.cpp.o
                0x00080f86                SDLib::File::size()
 .text._ZN5SDLib4File9availableEv
                0x00080f8e       0x26 C:\Users\ccj\AppData\Local\Temp\VMBuilds\ArduinoDueIpCamera\arduino_due_x_dbg\Debug\SD\File.cpp.o
                0x00080f8e                SDLib::File::available()
 .text.startup._GLOBAL__sub_I__ZN5SDLib20getNextPathComponentEPKcPjPc
                0x00080fb4       0x28 C:\Users\ccj\AppData\Local\Temp\VMBuilds\ArduinoDueIpCamera\arduino_due_x_dbg\Debug\SD\SD.cpp.o
 .text._ZL7spiSendh
                0x00080fdc       0x10 C:\Users\ccj\AppData\Local\Temp\VMBuilds\ArduinoDueIpCamera\arduino_due_x_dbg\Debug\SD\utility\Sd2Card.cpp.o
 .text._ZL6spiRecv
                0x00080fec       0x10 C:\Users\ccj\AppData\Local\Temp\VMBuilds\ArduinoDueIpCamera\arduino_due_x_dbg\Debug\SD\utility\Sd2Card.cpp.o
 .text._ZN7Sd2Card14chipSelectHighEv
                0x00080ffc       0x28 C:\Users\ccj\AppData\Local\Temp\VMBuilds\ArduinoDueIpCamera\arduino_due_x_dbg\Debug\SD\utility\Sd2Card.cpp.o
                0x00080ffc                Sd2Card::chipSelectHigh()
 .text._ZN7Sd2Card13chipSelectLowEv
                0x00081024       0x40 C:\Users\ccj\AppData\Local\Temp\VMBuilds\ArduinoDueIpCamera\arduino_due_x_dbg\Debug\SD\utility\Sd2Card.cpp.o
                0x00081024                Sd2Card::chipSelectLow()
 .text._ZN7Sd2Card7readEndEv
                0x00081064       0x2a C:\Users\ccj\AppData\Local\Temp\VMBuilds\ArduinoDueIpCamera\arduino_due_x_dbg\Debug\SD\utility\Sd2Card.cpp.o
                0x00081064                Sd2Card::readEnd()
 *fill*         0x0008108e        0x2 
 .text._ZN7Sd2Card10setSckRateEh
                0x00081090       0x58 C:\Users\ccj\AppData\Local\Temp\VMBuilds\ArduinoDueIpCamera\arduino_due_x_dbg\Debug\SD\utility\Sd2Card.cpp.o
                0x00081090                Sd2Card::setSckRate(unsigned char)
 .text._ZN7Sd2Card11waitNotBusyEt
                0x000810e8       0x28 C:\Users\ccj\AppData\Local\Temp\VMBuilds\ArduinoDueIpCamera\arduino_due_x_dbg\Debug\SD\utility\Sd2Card.cpp.o
                0x000810e8                Sd2Card::waitNotBusy(unsigned short)
 .text._ZN7Sd2Card11cardCommandEhm
                0x00081110       0x60 C:\Users\ccj\AppData\Local\Temp\VMBuilds\ArduinoDueIpCamera\arduino_due_x_dbg\Debug\SD\utility\Sd2Card.cpp.o
                0x00081110                Sd2Card::cardCommand(unsigned char, unsigned long)
 .text._ZN7Sd2Card4initEhh
                0x00081170      0x150 C:\Users\ccj\AppData\Local\Temp\VMBuilds\ArduinoDueIpCamera\arduino_due_x_dbg\Debug\SD\utility\Sd2Card.cpp.o
                0x00081170                Sd2Card::init(unsigned char, unsigned char)
 .text._ZN7Sd2Card14waitStartBlockEv
                0x000812c0       0x3e C:\Users\ccj\AppData\Local\Temp\VMBuilds\ArduinoDueIpCamera\arduino_due_x_dbg\Debug\SD\utility\Sd2Card.cpp.o
                0x000812c0                Sd2Card::waitStartBlock()
 .text._ZN7Sd2Card8readDataEmttPh
                0x000812fe       0xa4 C:\Users\ccj\AppData\Local\Temp\VMBuilds\ArduinoDueIpCamera\arduino_due_x_dbg\Debug\SD\utility\Sd2Card.cpp.o
                0x000812fe                Sd2Card::readData(unsigned long, unsigned short, unsigned short, unsigned char*)
 .text._ZN7Sd2Card9readBlockEmPh
                0x000813a2       0x14 C:\Users\ccj\AppData\Local\Temp\VMBuilds\ArduinoDueIpCamera\arduino_due_x_dbg\Debug\SD\utility\Sd2Card.cpp.o
                0x000813a2                Sd2Card::readBlock(unsigned long, unsigned char*)
 .text._ZN7Sd2Card9writeDataEhPKh
                0x000813b6       0x48 C:\Users\ccj\AppData\Local\Temp\VMBuilds\ArduinoDueIpCamera\arduino_due_x_dbg\Debug\SD\utility\Sd2Card.cpp.o
                0x000813b6                Sd2Card::writeData(unsigned char, unsigned char const*)
 .text._ZN7Sd2Card10writeBlockEmPKh
                0x000813fe       0x6c C:\Users\ccj\AppData\Local\Temp\VMBuilds\ArduinoDueIpCamera\arduino_due_x_dbg\Debug\SD\utility\Sd2Card.cpp.o
                0x000813fe                Sd2Card::writeBlock(unsigned long, unsigned char const*)
 *fill*         0x0008146a        0x2 
 .text.startup._GLOBAL__sub_I__ZN7Sd2Card11cardCommandEhm
                0x0008146c       0x14 C:\Users\ccj\AppData\Local\Temp\VMBuilds\ArduinoDueIpCamera\arduino_due_x_dbg\Debug\SD\utility\Sd2Card.cpp.o
 .text._ZN6SdFile10addClusterEv
                0x00081480       0x26 C:\Users\ccj\AppData\Local\Temp\VMBuilds\ArduinoDueIpCamera\arduino_due_x_dbg\Debug\SD\utility\SdFile.cpp.o
                0x00081480                SdFile::addCluster()
 *fill*         0x000814a6        0x2 
 .text._ZN6SdFile13cacheDirEntryEh
                0x000814a8       0x1c C:\Users\ccj\AppData\Local\Temp\VMBuilds\ArduinoDueIpCamera\arduino_due_x_dbg\Debug\SD\utility\SdFile.cpp.o
                0x000814a8                SdFile::cacheDirEntry(unsigned char)
 .text._ZN6SdFile14printTwoDigitsEh
                0x000814c4       0x34 C:\Users\ccj\AppData\Local\Temp\VMBuilds\ArduinoDueIpCamera\arduino_due_x_dbg\Debug\SD\utility\SdFile.cpp.o
                0x000814c4                SdFile::printTwoDigits(unsigned char)
 .text._ZN6SdFile12printFatDateEt
                0x000814f8       0x3c C:\Users\ccj\AppData\Local\Temp\VMBuilds\ArduinoDueIpCamera\arduino_due_x_dbg\Debug\SD\utility\SdFile.cpp.o
                0x000814f8                SdFile::printFatDate(unsigned short)
 .text._ZN6SdFile12printFatTimeEt
                0x00081534       0x38 C:\Users\ccj\AppData\Local\Temp\VMBuilds\ArduinoDueIpCamera\arduino_due_x_dbg\Debug\SD\utility\SdFile.cpp.o
                0x00081534                SdFile::printFatTime(unsigned short)
 .text._ZN6SdFile4readEPvt
                0x0008156c      0x104 C:\Users\ccj\AppData\Local\Temp\VMBuilds\ArduinoDueIpCamera\arduino_due_x_dbg\Debug\SD\utility\SdFile.cpp.o
                0x0008156c                SdFile::read(void*, unsigned short)
 .text._ZN6SdFile12readDirCacheEv
                0x00081670       0x44 C:\Users\ccj\AppData\Local\Temp\VMBuilds\ArduinoDueIpCamera\arduino_due_x_dbg\Debug\SD\utility\SdFile.cpp.o
                0x00081670                SdFile::readDirCache()
 .text._ZN6SdFile7seekSetEm
                0x000816b4       0x5e C:\Users\ccj\AppData\Local\Temp\VMBuilds\ArduinoDueIpCamera\arduino_due_x_dbg\Debug\SD\utility\SdFile.cpp.o
                0x000816b4                SdFile::seekSet(unsigned long)
 *fill*         0x00081712        0x2 
 .text._ZN6SdFile4syncEv
                0x00081714       0x58 C:\Users\ccj\AppData\Local\Temp\VMBuilds\ArduinoDueIpCamera\arduino_due_x_dbg\Debug\SD\utility\SdFile.cpp.o
                0x00081714                SdFile::sync()
 .text._ZN6SdFile8truncateEm
                0x0008176c       0xb0 C:\Users\ccj\AppData\Local\Temp\VMBuilds\ArduinoDueIpCamera\arduino_due_x_dbg\Debug\SD\utility\SdFile.cpp.o
                0x0008176c                SdFile::truncate(unsigned long)
 .text._ZN6SdFile15openCachedEntryEhh
                0x0008181c       0x7c C:\Users\ccj\AppData\Local\Temp\VMBuilds\ArduinoDueIpCamera\arduino_due_x_dbg\Debug\SD\utility\SdFile.cpp.o
                0x0008181c                SdFile::openCachedEntry(unsigned char, unsigned char)
 .text._ZN6SdFile4openEPS_th
                0x00081898       0x4c C:\Users\ccj\AppData\Local\Temp\VMBuilds\ArduinoDueIpCamera\arduino_due_x_dbg\Debug\SD\utility\SdFile.cpp.o
                0x00081898                SdFile::open(SdFile*, unsigned short, unsigned char)
 .text._ZN6SdFile5writeEPKvt
                0x000818e4      0x194 C:\Users\ccj\AppData\Local\Temp\VMBuilds\ArduinoDueIpCamera\arduino_due_x_dbg\Debug\SD\utility\SdFile.cpp.o
                0x000818e4                SdFile::write(void const*, unsigned short)
 .text._ZN6SdFile5writeEh
                0x00081a78       0x16 C:\Users\ccj\AppData\Local\Temp\VMBuilds\ArduinoDueIpCamera\arduino_due_x_dbg\Debug\SD\utility\SdFile.cpp.o
                0x00081a78                SdFile::write(unsigned char)
 *fill*         0x00081a8e        0x2 
 .text._ZN6SdFile12printDirNameERK14directoryEntryh
                0x00081a90       0x5c C:\Users\ccj\AppData\Local\Temp\VMBuilds\ArduinoDueIpCamera\arduino_due_x_dbg\Debug\SD\utility\SdFile.cpp.o
                0x00081a90                SdFile::printDirName(directoryEntry const&, unsigned char)
 .text._ZN6SdFile2lsEhh
                0x00081aec       0xf8 C:\Users\ccj\AppData\Local\Temp\VMBuilds\ArduinoDueIpCamera\arduino_due_x_dbg\Debug\SD\utility\SdFile.cpp.o
                0x00081aec                SdFile::ls(unsigned char, unsigned char)
 .text._ZN8SdVolume10cacheFlushEv
                0x00081be4       0x4c C:\Users\ccj\AppData\Local\Temp\VMBuilds\ArduinoDueIpCamera\arduino_due_x_dbg\Debug\SD\utility\SdVolume.cpp.o
                0x00081be4                SdVolume::cacheFlush()
 .text._ZN8SdVolume13cacheRawBlockEmh
                0x00081c30       0x48 C:\Users\ccj\AppData\Local\Temp\VMBuilds\ArduinoDueIpCamera\arduino_due_x_dbg\Debug\SD\utility\SdVolume.cpp.o
                0x00081c30                SdVolume::cacheRawBlock(unsigned long, unsigned char)
 .text._ZNK8SdVolume6fatGetEmPm
                0x00081c78       0x64 C:\Users\ccj\AppData\Local\Temp\VMBuilds\ArduinoDueIpCamera\arduino_due_x_dbg\Debug\SD\utility\SdVolume.cpp.o
                0x00081c78                SdVolume::fatGet(unsigned long, unsigned long*) const
 .text._ZNK8SdVolume9chainSizeEmPm
                0x00081cdc       0x44 C:\Users\ccj\AppData\Local\Temp\VMBuilds\ArduinoDueIpCamera\arduino_due_x_dbg\Debug\SD\utility\SdVolume.cpp.o
                0x00081cdc                SdVolume::chainSize(unsigned long, unsigned long*) const
 .text._ZN8SdVolume6fatPutEmm
                0x00081d20       0x84 C:\Users\ccj\AppData\Local\Temp\VMBuilds\ArduinoDueIpCamera\arduino_due_x_dbg\Debug\SD\utility\SdVolume.cpp.o
                0x00081d20                SdVolume::fatPut(unsigned long, unsigned long)
 .text._ZN8SdVolume15allocContiguousEmPm
                0x00081da4       0xb4 C:\Users\ccj\AppData\Local\Temp\VMBuilds\ArduinoDueIpCamera\arduino_due_x_dbg\Debug\SD\utility\SdVolume.cpp.o
                0x00081da4                SdVolume::allocContiguous(unsigned long, unsigned long*)
 .text._ZN8SdVolume9freeChainEm
                0x00081e58       0x48 C:\Users\ccj\AppData\Local\Temp\VMBuilds\ArduinoDueIpCamera\arduino_due_x_dbg\Debug\SD\utility\SdVolume.cpp.o
                0x00081e58                SdVolume::freeChain(unsigned long)
 .text._ZN8SdVolume4initEP7Sd2Cardh
                0x00081ea0       0xf4 C:\Users\ccj\AppData\Local\Temp\VMBuilds\ArduinoDueIpCamera\arduino_due_x_dbg\Debug\SD\utility\SdVolume.cpp.o
                0x00081ea0                SdVolume::init(Sd2Card*, unsigned char)
 .text._ZN9DhcpClass16reset_DHCP_leaseEv
                0x00081f94        0xa C:\Users\ccj\AppData\Local\Temp\VMBuilds\ArduinoDueIpCamera\arduino_due_x_dbg\Debug\Ethernet2\Dhcp.cpp.o
                0x00081f94                DhcpClass::reset_DHCP_lease()
 .text._ZN9DhcpClass10getLocalIpEv
                0x00081f9e        0xe C:\Users\ccj\AppData\Local\Temp\VMBuilds\ArduinoDueIpCamera\arduino_due_x_dbg\Debug\Ethernet2\Dhcp.cpp.o
                0x00081f9e                DhcpClass::getLocalIp()
 .text._ZN9DhcpClass13getSubnetMaskEv
                0x00081fac        0xe C:\Users\ccj\AppData\Local\Temp\VMBuilds\ArduinoDueIpCamera\arduino_due_x_dbg\Debug\Ethernet2\Dhcp.cpp.o
                0x00081fac                DhcpClass::getSubnetMask()
 .text._ZN9DhcpClass12getGatewayIpEv
                0x00081fba        0xe C:\Users\ccj\AppData\Local\Temp\VMBuilds\ArduinoDueIpCamera\arduino_due_x_dbg\Debug\Ethernet2\Dhcp.cpp.o
                0x00081fba                DhcpClass::getGatewayIp()
 .text._ZN9DhcpClass14getDnsServerIpEv
                0x00081fc8        0xe C:\Users\ccj\AppData\Local\Temp\VMBuilds\ArduinoDueIpCamera\arduino_due_x_dbg\Debug\Ethernet2\Dhcp.cpp.o
                0x00081fc8                DhcpClass::getDnsServerIp()
 .text._ZN9DhcpClass16getDnsDomainNameEv
                0x00081fd6        0x4 C:\Users\ccj\AppData\Local\Temp\VMBuilds\ArduinoDueIpCamera\arduino_due_x_dbg\Debug\Ethernet2\Dhcp.cpp.o
                0x00081fd6                DhcpClass::getDnsDomainName()
 .text._ZN9DhcpClass11getHostNameEv
                0x00081fda        0x4 C:\Users\ccj\AppData\Local\Temp\VMBuilds\ArduinoDueIpCamera\arduino_due_x_dbg\Debug\Ethernet2\Dhcp.cpp.o
                0x00081fda                DhcpClass::getHostName()
 .text._ZN9DhcpClass9printByteEPch
                0x00081fde       0x20 C:\Users\ccj\AppData\Local\Temp\VMBuilds\ArduinoDueIpCamera\arduino_due_x_dbg\Debug\Ethernet2\Dhcp.cpp.o
                0x00081fde                DhcpClass::printByte(char*, unsigned char)
 *fill*         0x00081ffe        0x2 
 .text.startup._GLOBAL__sub_I__ZN9DhcpClass13beginWithDHCPEPhmm
                0x00082000       0x1c C:\Users\ccj\AppData\Local\Temp\VMBuilds\ArduinoDueIpCamera\arduino_due_x_dbg\Debug\Ethernet2\Dhcp.cpp.o
 .text._ZN9DhcpClass17send_DHCP_MESSAGEEht
                0x0008201c      0x1e4 C:\Users\ccj\AppData\Local\Temp\VMBuilds\ArduinoDueIpCamera\arduino_due_x_dbg\Debug\Ethernet2\Dhcp.cpp.o
                0x0008201c                DhcpClass::send_DHCP_MESSAGE(unsigned char, unsigned short)
 .text._ZN9DhcpClass17parseDHCPResponseEmRm
                0x00082200      0x256 C:\Users\ccj\AppData\Local\Temp\VMBuilds\ArduinoDueIpCamera\arduino_due_x_dbg\Debug\Ethernet2\Dhcp.cpp.o
                0x00082200                DhcpClass::parseDHCPResponse(unsigned long, unsigned long&)
 .text._ZN9DhcpClass18request_DHCP_leaseEv
                0x00082456      0x142 C:\Users\ccj\AppData\Local\Temp\VMBuilds\ArduinoDueIpCamera\arduino_due_x_dbg\Debug\Ethernet2\Dhcp.cpp.o
                0x00082456                DhcpClass::request_DHCP_lease()
 .text._ZN9DhcpClass13beginWithDHCPEPhmm
                0x00082598       0x3e C:\Users\ccj\AppData\Local\Temp\VMBuilds\ArduinoDueIpCamera\arduino_due_x_dbg\Debug\Ethernet2\Dhcp.cpp.o
                0x00082598                DhcpClass::beginWithDHCP(unsigned char*, unsigned long, unsigned long)
 .text._ZN9DNSClient5beginERK9IPAddress
                0x000825d6        0xa C:\Users\ccj\AppData\Local\Temp\VMBuilds\ArduinoDueIpCamera\arduino_due_x_dbg\Debug\Ethernet2\Dns.cpp.o
                0x000825d6                DNSClient::begin(IPAddress const&)
 .text._ZN9DNSClient9inet_atonEPKcR9IPAddress
                0x000825e0       0x4a C:\Users\ccj\AppData\Local\Temp\VMBuilds\ArduinoDueIpCamera\arduino_due_x_dbg\Debug\Ethernet2\Dns.cpp.o
                0x000825e0                DNSClient::inet_aton(char const*, IPAddress&)
 *fill*         0x0008262a        0x2 
 .text.startup._GLOBAL__sub_I__ZN9DNSClient5beginERK9IPAddress
                0x0008262c       0x1c C:\Users\ccj\AppData\Local\Temp\VMBuilds\ArduinoDueIpCamera\arduino_due_x_dbg\Debug\Ethernet2\Dns.cpp.o
 .text._ZN9DNSClient12BuildRequestEPKc
                0x00082648       0xda C:\Users\ccj\AppData\Local\Temp\VMBuilds\ArduinoDueIpCamera\arduino_due_x_dbg\Debug\Ethernet2\Dns.cpp.o
                0x00082648                DNSClient::BuildRequest(char const*)
 .text._ZN9DNSClient15ProcessResponseEtR9IPAddress
                0x00082722      0x222 C:\Users\ccj\AppData\Local\Temp\VMBuilds\ArduinoDueIpCamera\arduino_due_x_dbg\Debug\Ethernet2\Dns.cpp.o
                0x00082722                DNSClient::ProcessResponse(unsigned short, IPAddress&)
 .text._ZN9DNSClient13getHostByNameEPKcR9IPAddress
                0x00082944       0x94 C:\Users\ccj\AppData\Local\Temp\VMBuilds\ArduinoDueIpCamera\arduino_due_x_dbg\Debug\Ethernet2\Dns.cpp.o
                0x00082944                DNSClient::getHostByName(char const*, IPAddress&)
 .text._ZN10W5500Class8writeGAREPh
                0x000829d8        0xc C:\Users\ccj\AppData\Local\Temp\VMBuilds\ArduinoDueIpCamera\arduino_due_x_dbg\Debug\Ethernet2\Ethernet2.cpp.o
                0x000829d8                W5500Class::writeGAR(unsigned char*)
 .text._ZN10W5500Class9writeSUBREPh
                0x000829e4        0xc C:\Users\ccj\AppData\Local\Temp\VMBuilds\ArduinoDueIpCamera\arduino_due_x_dbg\Debug\Ethernet2\Ethernet2.cpp.o
                0x000829e4                W5500Class::writeSUBR(unsigned char*)
 .text._ZN10W5500Class9writeSHAREPh
                0x000829f0        0xc C:\Users\ccj\AppData\Local\Temp\VMBuilds\ArduinoDueIpCamera\arduino_due_x_dbg\Debug\Ethernet2\Ethernet2.cpp.o
                0x000829f0                W5500Class::writeSHAR(unsigned char*)
 .text._ZN10W5500Class9writeSIPREPh
                0x000829fc        0xc C:\Users\ccj\AppData\Local\Temp\VMBuilds\ArduinoDueIpCamera\arduino_due_x_dbg\Debug\Ethernet2\Ethernet2.cpp.o
                0x000829fc                W5500Class::writeSIPR(unsigned char*)
 .text._ZN13EthernetClass5beginEPh
                0x00082a08       0xb0 C:\Users\ccj\AppData\Local\Temp\VMBuilds\ArduinoDueIpCamera\arduino_due_x_dbg\Debug\Ethernet2\Ethernet2.cpp.o
                0x00082a08                EthernetClass::begin(unsigned char*)
 .text._ZN13EthernetClass5beginEPh9IPAddressS1_S1_S1_
                0x00082ab8       0x38 C:\Users\ccj\AppData\Local\Temp\VMBuilds\ArduinoDueIpCamera\arduino_due_x_dbg\Debug\Ethernet2\Ethernet2.cpp.o
                0x00082ab8                EthernetClass::begin(unsigned char*, IPAddress, IPAddress, IPAddress, IPAddress)
 .text._ZN13EthernetClass7localIPEv
                0x00082af0       0x18 C:\Users\ccj\AppData\Local\Temp\VMBuilds\ArduinoDueIpCamera\arduino_due_x_dbg\Debug\Ethernet2\Ethernet2.cpp.o
                0x00082af0                EthernetClass::localIP()
 .text._ZN13EthernetClass10subnetMaskEv
                0x00082b08       0x18 C:\Users\ccj\AppData\Local\Temp\VMBuilds\ArduinoDueIpCamera\arduino_due_x_dbg\Debug\Ethernet2\Ethernet2.cpp.o
                0x00082b08                EthernetClass::subnetMask()
 .text._ZN13EthernetClass9gatewayIPEv
                0x00082b20       0x18 C:\Users\ccj\AppData\Local\Temp\VMBuilds\ArduinoDueIpCamera\arduino_due_x_dbg\Debug\Ethernet2\Ethernet2.cpp.o
                0x00082b20                EthernetClass::gatewayIP()
 .text._ZN13EthernetClass11dnsServerIPEv
                0x00082b38       0x10 C:\Users\ccj\AppData\Local\Temp\VMBuilds\ArduinoDueIpCamera\arduino_due_x_dbg\Debug\Ethernet2\Ethernet2.cpp.o
                0x00082b38                EthernetClass::dnsServerIP()
 .text.startup._GLOBAL__sub_I__ZN13EthernetClass6_stateE
                0x00082b48       0x2c C:\Users\ccj\AppData\Local\Temp\VMBuilds\ArduinoDueIpCamera\arduino_due_x_dbg\Debug\Ethernet2\Ethernet2.cpp.o
 .text._ZN14EthernetClientneERKS_
                0x00082b74       0x10 C:\Users\ccj\AppData\Local\Temp\VMBuilds\ArduinoDueIpCamera\arduino_due_x_dbg\Debug\Ethernet2\EthernetClient.cpp.o
                0x00082b74                EthernetClient::operator!=(EthernetClient const&)
 .text._ZN14EthernetClient5writeEh
                0x00082b84       0x16 C:\Users\ccj\AppData\Local\Temp\VMBuilds\ArduinoDueIpCamera\arduino_due_x_dbg\Debug\Ethernet2\EthernetClient.cpp.o
                0x00082b84                EthernetClient::write(unsigned char)
 .text._ZN14EthernetClientcvbEv
                0x00082b9a        0xa C:\Users\ccj\AppData\Local\Temp\VMBuilds\ArduinoDueIpCamera\arduino_due_x_dbg\Debug\Ethernet2\EthernetClient.cpp.o
                0x00082b9a                EthernetClient::operator bool()
 .text._ZN14EthernetClienteqERKS_
                0x00082ba4       0x14 C:\Users\ccj\AppData\Local\Temp\VMBuilds\ArduinoDueIpCamera\arduino_due_x_dbg\Debug\Ethernet2\EthernetClient.cpp.o
                0x00082ba4                EthernetClient::operator==(EthernetClient const&)
 .text._ZN14EthernetClient5writeEPKhj
                0x00082bb8       0x26 C:\Users\ccj\AppData\Local\Temp\VMBuilds\ArduinoDueIpCamera\arduino_due_x_dbg\Debug\Ethernet2\EthernetClient.cpp.o
                0x00082bb8                EthernetClient::write(unsigned char const*, unsigned int)
 *fill*         0x00082bde        0x2 
 .text._ZN14EthernetClient9availableEv
                0x00082be0       0x18 C:\Users\ccj\AppData\Local\Temp\VMBuilds\ArduinoDueIpCamera\arduino_due_x_dbg\Debug\Ethernet2\EthernetClient.cpp.o
                0x00082be0                EthernetClient::available()
 .text._ZN14EthernetClient4readEv
                0x00082bf8       0x20 C:\Users\ccj\AppData\Local\Temp\VMBuilds\ArduinoDueIpCamera\arduino_due_x_dbg\Debug\Ethernet2\EthernetClient.cpp.o
                0x00082bf8                EthernetClient::read()
 .text._ZN14EthernetClient4readEPhj
                0x00082c18        0xc C:\Users\ccj\AppData\Local\Temp\VMBuilds\ArduinoDueIpCamera\arduino_due_x_dbg\Debug\Ethernet2\EthernetClient.cpp.o
                0x00082c18                EthernetClient::read(unsigned char*, unsigned int)
 .text._ZN14EthernetClient4peekEv
                0x00082c24       0x24 C:\Users\ccj\AppData\Local\Temp\VMBuilds\ArduinoDueIpCamera\arduino_due_x_dbg\Debug\Ethernet2\EthernetClient.cpp.o
                0x00082c24                EthernetClient::peek()
 .text._ZN14EthernetClient5flushEv
                0x00082c48        0x6 C:\Users\ccj\AppData\Local\Temp\VMBuilds\ArduinoDueIpCamera\arduino_due_x_dbg\Debug\Ethernet2\EthernetClient.cpp.o
                0x00082c48                EthernetClient::flush()
 *fill*         0x00082c4e        0x2 
 .text._ZN14EthernetClient7connectEPKct
                0x00082c50       0x5c C:\Users\ccj\AppData\Local\Temp\VMBuilds\ArduinoDueIpCamera\arduino_due_x_dbg\Debug\Ethernet2\EthernetClient.cpp.o
                0x00082c50                EthernetClient::connect(char const*, unsigned short)
 .text._ZN14EthernetClientC2Eh
                0x00082cac       0x18 C:\Users\ccj\AppData\Local\Temp\VMBuilds\ArduinoDueIpCamera\arduino_due_x_dbg\Debug\Ethernet2\EthernetClient.cpp.o
                0x00082cac                EthernetClient::EthernetClient(unsigned char)
                0x00082cac                EthernetClient::EthernetClient(unsigned char)
 .text._ZN14EthernetClient6statusEv
                0x00082cc4       0x1a C:\Users\ccj\AppData\Local\Temp\VMBuilds\ArduinoDueIpCamera\arduino_due_x_dbg\Debug\Ethernet2\EthernetClient.cpp.o
                0x00082cc4                EthernetClient::status()
 *fill*         0x00082cde        0x2 
 .text._ZN14EthernetClient7connectE9IPAddresst
                0x00082ce0       0x94 C:\Users\ccj\AppData\Local\Temp\VMBuilds\ArduinoDueIpCamera\arduino_due_x_dbg\Debug\Ethernet2\EthernetClient.cpp.o
                0x00082ce0                EthernetClient::connect(IPAddress, unsigned short)
 .text._ZN14EthernetClient4stopEv
                0x00082d74       0x54 C:\Users\ccj\AppData\Local\Temp\VMBuilds\ArduinoDueIpCamera\arduino_due_x_dbg\Debug\Ethernet2\EthernetClient.cpp.o
                0x00082d74                EthernetClient::stop()
 .text._ZN14EthernetClient9connectedEv
                0x00082dc8       0x34 C:\Users\ccj\AppData\Local\Temp\VMBuilds\ArduinoDueIpCamera\arduino_due_x_dbg\Debug\Ethernet2\EthernetClient.cpp.o
                0x00082dc8                EthernetClient::connected()
 .text.startup._GLOBAL__sub_I__ZN14EthernetClient8_srcportE
                0x00082dfc       0x1c C:\Users\ccj\AppData\Local\Temp\VMBuilds\ArduinoDueIpCamera\arduino_due_x_dbg\Debug\Ethernet2\EthernetClient.cpp.o
 .text._ZN14EthernetServer5writeEh
                0x00082e18       0x16 C:\Users\ccj\AppData\Local\Temp\VMBuilds\ArduinoDueIpCamera\arduino_due_x_dbg\Debug\Ethernet2\EthernetServer.cpp.o
                0x00082e18                EthernetServer::write(unsigned char)
 *fill*         0x00082e2e        0x2 
 .text._ZN14EthernetServer5beginEv
                0x00082e30       0x44 C:\Users\ccj\AppData\Local\Temp\VMBuilds\ArduinoDueIpCamera\arduino_due_x_dbg\Debug\Ethernet2\EthernetServer.cpp.o
                0x00082e30                EthernetServer::begin()
 .text._ZN14EthernetServerC2Et
                0x00082e74       0x10 C:\Users\ccj\AppData\Local\Temp\VMBuilds\ArduinoDueIpCamera\arduino_due_x_dbg\Debug\Ethernet2\EthernetServer.cpp.o
                0x00082e74                EthernetServer::EthernetServer(unsigned short)
                0x00082e74                EthernetServer::EthernetServer(unsigned short)
 .text._ZN14EthernetServer6acceptEv
                0x00082e84       0x60 C:\Users\ccj\AppData\Local\Temp\VMBuilds\ArduinoDueIpCamera\arduino_due_x_dbg\Debug\Ethernet2\EthernetServer.cpp.o
                0x00082e84                EthernetServer::accept()
 .text._ZN14EthernetServer5writeEPKhj
                0x00082ee4       0x54 C:\Users\ccj\AppData\Local\Temp\VMBuilds\ArduinoDueIpCamera\arduino_due_x_dbg\Debug\Ethernet2\EthernetServer.cpp.o
                0x00082ee4                EthernetServer::write(unsigned char const*, unsigned int)
 .text._ZN14EthernetServer9availableEv
                0x00082f38       0x78 C:\Users\ccj\AppData\Local\Temp\VMBuilds\ArduinoDueIpCamera\arduino_due_x_dbg\Debug\Ethernet2\EthernetServer.cpp.o
                0x00082f38                EthernetServer::available()
 .text.startup._GLOBAL__sub_I__ZN14EthernetServerC2Et
                0x00082fb0       0x1c C:\Users\ccj\AppData\Local\Temp\VMBuilds\ArduinoDueIpCamera\arduino_due_x_dbg\Debug\Ethernet2\EthernetServer.cpp.o
 .text._ZN11EthernetUDP4readEPcj
                0x00082fcc        0xa C:\Users\ccj\AppData\Local\Temp\VMBuilds\ArduinoDueIpCamera\arduino_due_x_dbg\Debug\Ethernet2\EthernetUdp2.cpp.o
                0x00082fcc                EthernetUDP::read(char*, unsigned int)
 *fill*         0x00082fd6        0x2 
 .text._ZN11EthernetUDP8remoteIPEv
                0x00082fd8       0x10 C:\Users\ccj\AppData\Local\Temp\VMBuilds\ArduinoDueIpCamera\arduino_due_x_dbg\Debug\Ethernet2\EthernetUdp2.cpp.o
                0x00082fd8                EthernetUDP::remoteIP()
 .text._ZN11EthernetUDP10remotePortEv
                0x00082fe8        0x4 C:\Users\ccj\AppData\Local\Temp\VMBuilds\ArduinoDueIpCamera\arduino_due_x_dbg\Debug\Ethernet2\EthernetUdp2.cpp.o
                0x00082fe8                EthernetUDP::remotePort()
 .text._ZN11EthernetUDP9availableEv
                0x00082fec        0x4 C:\Users\ccj\AppData\Local\Temp\VMBuilds\ArduinoDueIpCamera\arduino_due_x_dbg\Debug\Ethernet2\EthernetUdp2.cpp.o
                0x00082fec                EthernetUDP::available()
 .text._ZN11EthernetUDP5writeEh
                0x00082ff0       0x16 C:\Users\ccj\AppData\Local\Temp\VMBuilds\ArduinoDueIpCamera\arduino_due_x_dbg\Debug\Ethernet2\EthernetUdp2.cpp.o
                0x00082ff0                EthernetUDP::write(unsigned char)
 .text._ZN11EthernetUDP5flushEv
                0x00083006       0x14 C:\Users\ccj\AppData\Local\Temp\VMBuilds\ArduinoDueIpCamera\arduino_due_x_dbg\Debug\Ethernet2\EthernetUdp2.cpp.o
                0x00083006                EthernetUDP::flush()
 *fill*         0x0008301a        0x2 
 .text._ZN11EthernetUDP4stopEv
                0x0008301c       0x24 C:\Users\ccj\AppData\Local\Temp\VMBuilds\ArduinoDueIpCamera\arduino_due_x_dbg\Debug\Ethernet2\EthernetUdp2.cpp.o
                0x0008301c                EthernetUDP::stop()
 .text._ZN11EthernetUDP11beginPacketE9IPAddresst
                0x00083040        0xc C:\Users\ccj\AppData\Local\Temp\VMBuilds\ArduinoDueIpCamera\arduino_due_x_dbg\Debug\Ethernet2\EthernetUdp2.cpp.o
                0x00083040                EthernetUDP::beginPacket(IPAddress, unsigned short)
 .text._ZN11EthernetUDP9endPacketEv
                0x0008304c        0x6 C:\Users\ccj\AppData\Local\Temp\VMBuilds\ArduinoDueIpCamera\arduino_due_x_dbg\Debug\Ethernet2\EthernetUdp2.cpp.o
                0x0008304c                EthernetUDP::endPacket()
 .text._ZN11EthernetUDP5writeEPKhj
                0x00083052       0x1a C:\Users\ccj\AppData\Local\Temp\VMBuilds\ArduinoDueIpCamera\arduino_due_x_dbg\Debug\Ethernet2\EthernetUdp2.cpp.o
                0x00083052                EthernetUDP::write(unsigned char const*, unsigned int)
 .text._ZN11EthernetUDP4readEv
                0x0008306c       0x2c C:\Users\ccj\AppData\Local\Temp\VMBuilds\ArduinoDueIpCamera\arduino_due_x_dbg\Debug\Ethernet2\EthernetUdp2.cpp.o
                0x0008306c                EthernetUDP::read()
 .text._ZN11EthernetUDP4readEPhj
                0x00083098       0x28 C:\Users\ccj\AppData\Local\Temp\VMBuilds\ArduinoDueIpCamera\arduino_due_x_dbg\Debug\Ethernet2\EthernetUdp2.cpp.o
                0x00083098                EthernetUDP::read(unsigned char*, unsigned int)
 .text._ZN11EthernetUDP4peekEv
                0x000830c0       0x20 C:\Users\ccj\AppData\Local\Temp\VMBuilds\ArduinoDueIpCamera\arduino_due_x_dbg\Debug\Ethernet2\EthernetUdp2.cpp.o
                0x000830c0                EthernetUDP::peek()
 .text._ZN11EthernetUDP11parsePacketEv
                0x000830e0       0x54 C:\Users\ccj\AppData\Local\Temp\VMBuilds\ArduinoDueIpCamera\arduino_due_x_dbg\Debug\Ethernet2\EthernetUdp2.cpp.o
                0x000830e0                EthernetUDP::parsePacket()
 .text._ZN11EthernetUDP5beginEt
                0x00083134       0x4a C:\Users\ccj\AppData\Local\Temp\VMBuilds\ArduinoDueIpCamera\arduino_due_x_dbg\Debug\Ethernet2\EthernetUdp2.cpp.o
                0x00083134                EthernetUDP::begin(unsigned short)
 *fill*         0x0008317e        0x2 
 .text._ZN11EthernetUDPC2Ev
                0x00083180       0x24 C:\Users\ccj\AppData\Local\Temp\VMBuilds\ArduinoDueIpCamera\arduino_due_x_dbg\Debug\Ethernet2\EthernetUdp2.cpp.o
                0x00083180                EthernetUDP::EthernetUDP()
                0x00083180                EthernetUDP::EthernetUDP()
 .text._ZN11EthernetUDP11beginPacketEPKct
                0x000831a4       0x5c C:\Users\ccj\AppData\Local\Temp\VMBuilds\ArduinoDueIpCamera\arduino_due_x_dbg\Debug\Ethernet2\EthernetUdp2.cpp.o
                0x000831a4                EthernetUDP::beginPacket(char const*, unsigned short)
 .text.startup._GLOBAL__sub_I__ZN11EthernetUDPC2Ev
                0x00083200       0x1c C:\Users\ccj\AppData\Local\Temp\VMBuilds\ArduinoDueIpCamera\arduino_due_x_dbg\Debug\Ethernet2\EthernetUdp2.cpp.o
 .text.startup._GLOBAL__sub_I__ZN7TwitterC2EPKc
                0x0008321c       0x1c C:\Users\ccj\AppData\Local\Temp\VMBuilds\ArduinoDueIpCamera\arduino_due_x_dbg\Debug\Ethernet2\Twitter.cpp.o
 .text._ZN10W5500Class11writeSnDIPREhPh
                0x00083238       0x14 C:\Users\ccj\AppData\Local\Temp\VMBuilds\ArduinoDueIpCamera\arduino_due_x_dbg\Debug\Ethernet2\utility\socket.cpp.o
                0x00083238                W5500Class::writeSnDIPR(unsigned char, unsigned char*)
 .text._ZN10W5500Class6readSnEht
                0x0008324c       0x10 C:\Users\ccj\AppData\Local\Temp\VMBuilds\ArduinoDueIpCamera\arduino_due_x_dbg\Debug\Ethernet2\utility\socket.cpp.o
                0x0008324c                W5500Class::readSn(unsigned char, unsigned short)
 .text._ZN10W5500Class8readSnIREh
                0x0008325c        0xa C:\Users\ccj\AppData\Local\Temp\VMBuilds\ArduinoDueIpCamera\arduino_due_x_dbg\Debug\Ethernet2\utility\socket.cpp.o
                0x0008325c                W5500Class::readSnIR(unsigned char)
 .text._ZN10W5500Class7writeSnEhth
                0x00083266       0x10 C:\Users\ccj\AppData\Local\Temp\VMBuilds\ArduinoDueIpCamera\arduino_due_x_dbg\Debug\Ethernet2\utility\socket.cpp.o
                0x00083266                W5500Class::writeSn(unsigned char, unsigned short, unsigned char)
 .text._ZN10W5500Class11writeSnPORTEht
                0x00083276       0x1a C:\Users\ccj\AppData\Local\Temp\VMBuilds\ArduinoDueIpCamera\arduino_due_x_dbg\Debug\Ethernet2\utility\socket.cpp.o
                0x00083276                W5500Class::writeSnPORT(unsigned char, unsigned short)
 .text._ZN10W5500Class9writeSnIREhh
                0x00083290        0xc C:\Users\ccj\AppData\Local\Temp\VMBuilds\ArduinoDueIpCamera\arduino_due_x_dbg\Debug\Ethernet2\utility\socket.cpp.o
                0x00083290                W5500Class::writeSnIR(unsigned char, unsigned char)
 .text._ZN10W5500Class12writeSnDPORTEht
                0x0008329c       0x1a C:\Users\ccj\AppData\Local\Temp\VMBuilds\ArduinoDueIpCamera\arduino_due_x_dbg\Debug\Ethernet2\utility\socket.cpp.o
                0x0008329c                W5500Class::writeSnDPORT(unsigned char, unsigned short)
 *fill*         0x000832b6        0x2 
 .text._Z5closeh
                0x000832b8       0x1c C:\Users\ccj\AppData\Local\Temp\VMBuilds\ArduinoDueIpCamera\arduino_due_x_dbg\Debug\Ethernet2\utility\socket.cpp.o
                0x000832b8                close(unsigned char)
 .text._Z6sockethhth
                0x000832d4       0x54 C:\Users\ccj\AppData\Local\Temp\VMBuilds\ArduinoDueIpCamera\arduino_due_x_dbg\Debug\Ethernet2\utility\socket.cpp.o
                0x000832d4                socket(unsigned char, unsigned char, unsigned short, unsigned char)
 .text._Z6listenh
                0x00083328       0x24 C:\Users\ccj\AppData\Local\Temp\VMBuilds\ArduinoDueIpCamera\arduino_due_x_dbg\Debug\Ethernet2\utility\socket.cpp.o
                0x00083328                listen(unsigned char)
 .text._Z7connecthPht
                0x0008334c       0x58 C:\Users\ccj\AppData\Local\Temp\VMBuilds\ArduinoDueIpCamera\arduino_due_x_dbg\Debug\Ethernet2\utility\socket.cpp.o
                0x0008334c                connect(unsigned char, unsigned char*, unsigned short)
 .text._Z10disconnecth
                0x000833a4       0x10 C:\Users\ccj\AppData\Local\Temp\VMBuilds\ArduinoDueIpCamera\arduino_due_x_dbg\Debug\Ethernet2\utility\socket.cpp.o
                0x000833a4                disconnect(unsigned char)
 .text._Z4sendhPKht
                0x000833b4       0x7c C:\Users\ccj\AppData\Local\Temp\VMBuilds\ArduinoDueIpCamera\arduino_due_x_dbg\Debug\Ethernet2\utility\socket.cpp.o
                0x000833b4                send(unsigned char, unsigned char const*, unsigned short)
 .text._Z4recvhPhs
                0x00083430       0x5c C:\Users\ccj\AppData\Local\Temp\VMBuilds\ArduinoDueIpCamera\arduino_due_x_dbg\Debug\Ethernet2\utility\socket.cpp.o
                0x00083430                recv(unsigned char, unsigned char*, short)
 .text._Z4peekhPh
                0x0008348c       0x20 C:\Users\ccj\AppData\Local\Temp\VMBuilds\ArduinoDueIpCamera\arduino_due_x_dbg\Debug\Ethernet2\utility\socket.cpp.o
                0x0008348c                peek(unsigned char, unsigned char*)
 .text._Z5flushh
                0x000834ac        0x2 C:\Users\ccj\AppData\Local\Temp\VMBuilds\ArduinoDueIpCamera\arduino_due_x_dbg\Debug\Ethernet2\utility\socket.cpp.o
                0x000834ac                flush(unsigned char)
 *fill*         0x000834ae        0x2 
 .text._Z10bufferDatahtPKht
                0x000834b0       0x38 C:\Users\ccj\AppData\Local\Temp\VMBuilds\ArduinoDueIpCamera\arduino_due_x_dbg\Debug\Ethernet2\utility\socket.cpp.o
                0x000834b0                bufferData(unsigned char, unsigned short, unsigned char const*, unsigned short)
 .text._Z8startUDPhPht
                0x000834e8       0x2e C:\Users\ccj\AppData\Local\Temp\VMBuilds\ArduinoDueIpCamera\arduino_due_x_dbg\Debug\Ethernet2\utility\socket.cpp.o
                0x000834e8                startUDP(unsigned char, unsigned char*, unsigned short)
 *fill*         0x00083516        0x2 
 .text._Z7sendUDPh
                0x00083518       0x44 C:\Users\ccj\AppData\Local\Temp\VMBuilds\ArduinoDueIpCamera\arduino_due_x_dbg\Debug\Ethernet2\utility\socket.cpp.o
                0x00083518                sendUDP(unsigned char)
 .text._ZN8SPIClass8transferEh15SPITransferMode
                0x0008355c       0x12 C:\Users\ccj\AppData\Local\Temp\VMBuilds\ArduinoDueIpCamera\arduino_due_x_dbg\Debug\Ethernet2\utility\w5500.cpp.o
                0x0008355c                SPIClass::transfer(unsigned char, SPITransferMode)
 *fill*         0x0008356e        0x2 
 .text._ZN10W5500Class5setSSEv
                0x00083570       0x10 C:\Users\ccj\AppData\Local\Temp\VMBuilds\ArduinoDueIpCamera\arduino_due_x_dbg\Debug\Ethernet2\utility\w5500.cpp.o
                0x00083570                W5500Class::setSS()
 .text._ZN10W5500Class7resetSSEv
                0x00083580       0x10 C:\Users\ccj\AppData\Local\Temp\VMBuilds\ArduinoDueIpCamera\arduino_due_x_dbg\Debug\Ethernet2\utility\w5500.cpp.o
                0x00083580                W5500Class::resetSS()
 .text._ZN10W5500Class5writeEthh
                0x00083590       0x64 C:\Users\ccj\AppData\Local\Temp\VMBuilds\ArduinoDueIpCamera\arduino_due_x_dbg\Debug\Ethernet2\utility\w5500.cpp.o
                0x00083590                W5500Class::write(unsigned short, unsigned char, unsigned char)
 .text._ZN10W5500Class5writeEthPKht
                0x000835f4       0x74 C:\Users\ccj\AppData\Local\Temp\VMBuilds\ArduinoDueIpCamera\arduino_due_x_dbg\Debug\Ethernet2\utility\w5500.cpp.o
                0x000835f4                W5500Class::write(unsigned short, unsigned char, unsigned char const*, unsigned short)
 .text._ZN10W5500Class4readEth
                0x00083668       0x64 C:\Users\ccj\AppData\Local\Temp\VMBuilds\ArduinoDueIpCamera\arduino_due_x_dbg\Debug\Ethernet2\utility\w5500.cpp.o
                0x00083668                W5500Class::read(unsigned short, unsigned char)
 .text._ZN10W5500Class4initEh
                0x000836cc       0x60 C:\Users\ccj\AppData\Local\Temp\VMBuilds\ArduinoDueIpCamera\arduino_due_x_dbg\Debug\Ethernet2\utility\w5500.cpp.o
                0x000836cc                W5500Class::init(unsigned char)
 .text._ZN10W5500Class12readSnTX_FSREh
                0x0008372c       0x1c C:\Users\ccj\AppData\Local\Temp\VMBuilds\ArduinoDueIpCamera\arduino_due_x_dbg\Debug\Ethernet2\utility\w5500.cpp.o
                0x0008372c                W5500Class::readSnTX_FSR(unsigned char)
 .text._ZN10W5500Class13getTXFreeSizeEh
                0x00083748       0x20 C:\Users\ccj\AppData\Local\Temp\VMBuilds\ArduinoDueIpCamera\arduino_due_x_dbg\Debug\Ethernet2\utility\w5500.cpp.o
                0x00083748                W5500Class::getTXFreeSize(unsigned char)
 .text._ZN10W5500Class12readSnRX_RSREh
                0x00083768       0x1c C:\Users\ccj\AppData\Local\Temp\VMBuilds\ArduinoDueIpCamera\arduino_due_x_dbg\Debug\Ethernet2\utility\w5500.cpp.o
                0x00083768                W5500Class::readSnRX_RSR(unsigned char)
 .text._ZN10W5500Class17getRXReceivedSizeEh
                0x00083784       0x20 C:\Users\ccj\AppData\Local\Temp\VMBuilds\ArduinoDueIpCamera\arduino_due_x_dbg\Debug\Ethernet2\utility\w5500.cpp.o
                0x00083784                W5500Class::getRXReceivedSize(unsigned char)
 .text._ZN10W5500Class27send_data_processing_offsetEhtPKht
                0x000837a4       0x56 C:\Users\ccj\AppData\Local\Temp\VMBuilds\ArduinoDueIpCamera\arduino_due_x_dbg\Debug\Ethernet2\utility\w5500.cpp.o
                0x000837a4                W5500Class::send_data_processing_offset(unsigned char, unsigned short, unsigned char const*, unsigned short)
 .text._ZN10W5500Class20send_data_processingEhPKht
                0x000837fa       0x12 C:\Users\ccj\AppData\Local\Temp\VMBuilds\ArduinoDueIpCamera\arduino_due_x_dbg\Debug\Ethernet2\utility\w5500.cpp.o
                0x000837fa                W5500Class::send_data_processing(unsigned char, unsigned char const*, unsigned short)
 .text._ZN10W5500Class4readEthPht
                0x0008380c       0x78 C:\Users\ccj\AppData\Local\Temp\VMBuilds\ArduinoDueIpCamera\arduino_due_x_dbg\Debug\Ethernet2\utility\w5500.cpp.o
                0x0008380c                W5500Class::read(unsigned short, unsigned char, unsigned char*, unsigned short)
 .text._ZN10W5500Class9read_dataEhtPVht
                0x00083884       0x26 C:\Users\ccj\AppData\Local\Temp\VMBuilds\ArduinoDueIpCamera\arduino_due_x_dbg\Debug\Ethernet2\utility\w5500.cpp.o
                0x00083884                W5500Class::read_data(unsigned char, unsigned short, unsigned char volatile*, unsigned short)
 .text._ZN10W5500Class20recv_data_processingEhPhth
                0x000838aa       0x56 C:\Users\ccj\AppData\Local\Temp\VMBuilds\ArduinoDueIpCamera\arduino_due_x_dbg\Debug\Ethernet2\utility\w5500.cpp.o
                0x000838aa                W5500Class::recv_data_processing(unsigned char, unsigned char*, unsigned short, unsigned char)
 .text._ZN10W5500Class9execCmdSnEh7SockCMD
                0x00083900       0x1a C:\Users\ccj\AppData\Local\Temp\VMBuilds\ArduinoDueIpCamera\arduino_due_x_dbg\Debug\Ethernet2\utility\w5500.cpp.o
                0x00083900                W5500Class::execCmdSn(unsigned char, SockCMD)
 *fill*         0x0008391a        0x2 
 .text.startup._GLOBAL__sub_I_w5500
                0x0008391c       0x14 C:\Users\ccj\AppData\Local\Temp\VMBuilds\ArduinoDueIpCamera\arduino_due_x_dbg\Debug\Ethernet2\utility\w5500.cpp.o
 .text._Z11serialEventv
                0x00083930        0x2 C:\Users\ccj\AppData\Local\Temp\VMBuilds\ArduinoDueIpCamera\arduino_due_x_dbg\Debug\variant\variant.cpp.o
                0x00083930                serialEvent()
 *fill*         0x00083932        0x2 
 .text.UART_Handler
                0x00083934        0xc C:\Users\ccj\AppData\Local\Temp\VMBuilds\ArduinoDueIpCamera\arduino_due_x_dbg\Debug\variant\variant.cpp.o
                0x00083934                UART_Handler
 .text._Z12serialEvent1v
                0x00083940        0x2 C:\Users\ccj\AppData\Local\Temp\VMBuilds\ArduinoDueIpCamera\arduino_due_x_dbg\Debug\variant\variant.cpp.o
                0x00083940                serialEvent1()
 .text._Z12serialEvent2v
                0x00083942        0x2 C:\Users\ccj\AppData\Local\Temp\VMBuilds\ArduinoDueIpCamera\arduino_due_x_dbg\Debug\variant\variant.cpp.o
                0x00083942                serialEvent2()
 .text._Z12serialEvent3v
                0x00083944        0x2 C:\Users\ccj\AppData\Local\Temp\VMBuilds\ArduinoDueIpCamera\arduino_due_x_dbg\Debug\variant\variant.cpp.o
                0x00083944                serialEvent3()
 *fill*         0x00083946        0x2 
 .text.USART0_Handler
                0x00083948        0xc C:\Users\ccj\AppData\Local\Temp\VMBuilds\ArduinoDueIpCamera\arduino_due_x_dbg\Debug\variant\variant.cpp.o
                0x00083948                USART0_Handler
 .text.USART1_Handler
                0x00083954        0xc C:\Users\ccj\AppData\Local\Temp\VMBuilds\ArduinoDueIpCamera\arduino_due_x_dbg\Debug\variant\variant.cpp.o
                0x00083954                USART1_Handler
 .text.USART3_Handler
                0x00083960        0xc C:\Users\ccj\AppData\Local\Temp\VMBuilds\ArduinoDueIpCamera\arduino_due_x_dbg\Debug\variant\variant.cpp.o
                0x00083960                USART3_Handler
 .text.init     0x0008396c      0x128 C:\Users\ccj\AppData\Local\Temp\VMBuilds\ArduinoDueIpCamera\arduino_due_x_dbg\Debug\variant\variant.cpp.o
                0x0008396c                init
 .text.startup._GLOBAL__sub_I_g_APinDescription
                0x00083a94       0xd4 C:\Users\ccj\AppData\Local\Temp\VMBuilds\ArduinoDueIpCamera\arduino_due_x_dbg\Debug\variant\variant.cpp.o
 .text._Z14serialEventRunv
                0x00083b68       0x44 C:\Users\ccj\AppData\Local\Temp\VMBuilds\ArduinoDueIpCamera\arduino_due_x_dbg\Debug\variant\variant.cpp.o
                0x00083b68                serialEventRun()
 .text.PIO_PullUp
                0x00083bac        0xa C:\Users\ccj\AppData\Local\arduino15\packages\arduino\hardware\sam\1.6.11\variants\arduino_due_x/libsam_sam3x8e_gcc_rel.a(pio.o)
                0x00083bac                PIO_PullUp
 .text.PIO_SetPeripheral
                0x00083bb6       0x26 C:\Users\ccj\AppData\Local\arduino15\packages\arduino\hardware\sam\1.6.11\variants\arduino_due_x/libsam_sam3x8e_gcc_rel.a(pio.o)
                0x00083bb6                PIO_SetPeripheral
 .text.PIO_SetInput
                0x00083bdc       0x26 C:\Users\ccj\AppData\Local\arduino15\packages\arduino\hardware\sam\1.6.11\variants\arduino_due_x/libsam_sam3x8e_gcc_rel.a(pio.o)
                0x00083bdc                PIO_SetInput
 .text.PIO_SetOutput
                0x00083c02       0x24 C:\Users\ccj\AppData\Local\arduino15\packages\arduino\hardware\sam\1.6.11\variants\arduino_due_x/libsam_sam3x8e_gcc_rel.a(pio.o)
                0x00083c02                PIO_SetOutput
 *fill*         0x00083c26        0x2 
 .text.PIO_Configure
                0x00083c28       0x64 C:\Users\ccj\AppData\Local\arduino15\packages\arduino\hardware\sam\1.6.11\variants\arduino_due_x/libsam_sam3x8e_gcc_rel.a(pio.o)
                0x00083c28                PIO_Configure
 .text.PIO_GetOutputDataStatus
                0x00083c8c       0x14 C:\Users\ccj\AppData\Local\arduino15\packages\arduino\hardware\sam\1.6.11\variants\arduino_due_x/libsam_sam3x8e_gcc_rel.a(pio.o)
                0x00083c8c                PIO_GetOutputDataStatus
 .text.pmc_enable_upll_clock
                0x00083ca0       0x14 C:\Users\ccj\AppData\Local\arduino15\packages\arduino\hardware\sam\1.6.11\variants\arduino_due_x/libsam_sam3x8e_gcc_rel.a(pmc.o)
                0x00083ca0                pmc_enable_upll_clock
 .text.pmc_enable_periph_clk
                0x00083cb4       0x44 C:\Users\ccj\AppData\Local\arduino15\packages\arduino\hardware\sam\1.6.11\variants\arduino_due_x/libsam_sam3x8e_gcc_rel.a(pmc.o)
                0x00083cb4                pmc_enable_periph_clk
 .text.pmc_disable_periph_clk
                0x00083cf8       0x40 C:\Users\ccj\AppData\Local\arduino15\packages\arduino\hardware\sam\1.6.11\variants\arduino_due_x/libsam_sam3x8e_gcc_rel.a(pmc.o)
                0x00083cf8                pmc_disable_periph_clk
 .text.pmc_switch_udpck_to_upllck
                0x00083d38       0x14 C:\Users\ccj\AppData\Local\arduino15\packages\arduino\hardware\sam\1.6.11\variants\arduino_due_x/libsam_sam3x8e_gcc_rel.a(pmc.o)
                0x00083d38                pmc_switch_udpck_to_upllck
 .text.pmc_enable_udpck
                0x00083d4c        0xc C:\Users\ccj\AppData\Local\arduino15\packages\arduino\hardware\sam\1.6.11\variants\arduino_due_x/libsam_sam3x8e_gcc_rel.a(pmc.o)
                0x00083d4c                pmc_enable_udpck
 .text.SPI_Enable
                0x00083d58        0x6 C:\Users\ccj\AppData\Local\arduino15\packages\arduino\hardware\sam\1.6.11\variants\arduino_due_x/libsam_sam3x8e_gcc_rel.a(spi.o)
                0x00083d58                SPI_Enable
 *fill*         0x00083d5e        0x2 
 .text.SPI_Configure
                0x00083d60       0x20 C:\Users\ccj\AppData\Local\arduino15\packages\arduino\hardware\sam\1.6.11\variants\arduino_due_x/libsam_sam3x8e_gcc_rel.a(spi.o)
                0x00083d60                SPI_Configure
 .text.SPI_ConfigureNPCS
                0x00083d80        0x8 C:\Users\ccj\AppData\Local\arduino15\packages\arduino\hardware\sam\1.6.11\variants\arduino_due_x/libsam_sam3x8e_gcc_rel.a(spi.o)
                0x00083d80                SPI_ConfigureNPCS
 .text.SystemInit
                0x00083d88       0x88 C:\Users\ccj\AppData\Local\arduino15\packages\arduino\hardware\sam\1.6.11\variants\arduino_due_x/libsam_sam3x8e_gcc_rel.a(system_sam3xa.o)
                0x00083d88                SystemInit
 .text.Reset_Handler
                0x00083e10       0x78 C:\Users\ccj\AppData\Local\arduino15\packages\arduino\hardware\sam\1.6.11\variants\arduino_due_x/libsam_sam3x8e_gcc_rel.a(startup_sam3xa.o)
                0x00083e10                Reset_Handler
 .text.adc_init
                0x00083e88       0x98 C:\Users\ccj\AppData\Local\arduino15\packages\arduino\hardware\sam\1.6.11\variants\arduino_due_x/libsam_sam3x8e_gcc_rel.a(adc.o)
                0x00083e88                adc_init
 .text.adc_configure_trigger
                0x00083f20        0xe C:\Users\ccj\AppData\Local\arduino15\packages\arduino\hardware\sam\1.6.11\variants\arduino_due_x/libsam_sam3x8e_gcc_rel.a(adc.o)
                0x00083f20                adc_configure_trigger
 .text.adc_configure_timing
                0x00083f2e       0x1a C:\Users\ccj\AppData\Local\arduino15\packages\arduino\hardware\sam\1.6.11\variants\arduino_due_x/libsam_sam3x8e_gcc_rel.a(adc.o)
                0x00083f2e                adc_configure_timing
 .text.adc_disable_channel
                0x00083f48        0xa C:\Users\ccj\AppData\Local\arduino15\packages\arduino\hardware\sam\1.6.11\variants\arduino_due_x/libsam_sam3x8e_gcc_rel.a(adc.o)
                0x00083f48                adc_disable_channel
 .text.adc_disable_all_channel
                0x00083f52        0x8 C:\Users\ccj\AppData\Local\arduino15\packages\arduino\hardware\sam\1.6.11\variants\arduino_due_x/libsam_sam3x8e_gcc_rel.a(adc.o)
                0x00083f52                adc_disable_all_channel
 .text.adc_disable_interrupt
                0x00083f5a        0x4 C:\Users\ccj\AppData\Local\arduino15\packages\arduino\hardware\sam\1.6.11\variants\arduino_due_x/libsam_sam3x8e_gcc_rel.a(adc.o)
                0x00083f5a                adc_disable_interrupt
 *fill*         0x00083f5e        0x2 
 .text.UOTGHS_Handler
                0x00083f60       0x10 C:\Users\ccj\AppData\Local\arduino15\packages\arduino\hardware\sam\1.6.11\variants\arduino_due_x/libsam_sam3x8e_gcc_rel.a(uotghs.o)
                0x00083f60                UOTGHS_Handler
 .text.__halt   0x00083f70        0x2 C:\Users\ccj\AppData\Local\Temp\VMBuilds\ArduinoDueIpCamera\arduino_due_x_dbg\Debug/core.a(cortex_handlers.c.o)
                0x00083f70                DACC_Handler
                0x00083f70                DebugMon_Handler
                0x00083f70                DMAC_Handler
                0x00083f70                TRNG_Handler
                0x00083f70                HardFault_Handler
                0x00083f70                TC2_Handler
                0x00083f70                TWI1_Handler
                0x00083f70                NMI_Handler
                0x00083f70                TC7_Handler
                0x00083f70                ADC_Handler
                0x00083f70                SMC_Handler
                0x00083f70                RTT_Handler
                0x00083f70                EFC1_Handler
                0x00083f70                PIOB_Handler
                0x00083f70                RTC_Handler
                0x00083f70                UsageFault_Handler
                0x00083f70                TC6_Handler
                0x00083f70                WDT_Handler
                0x00083f70                CAN0_Handler
                0x00083f70                TC4_Handler
                0x00083f70                TC1_Handler
                0x00083f70                HSMCI_Handler
                0x00083f70                TC3_Handler
                0x00083f70                TWI0_Handler
                0x00083f70                PIOA_Handler
                0x00083f70                SSC_Handler
                0x00083f70                EFC0_Handler
                0x00083f70                PMC_Handler
                0x00083f70                PWM_Handler
                0x00083f70                CAN1_Handler
                0x00083f70                MemManage_Handler
                0x00083f70                SUPC_Handler
                0x00083f70                TC8_Handler
                0x00083f70                USART2_Handler
                0x00083f70                PIOD_Handler
                0x00083f70                EMAC_Handler
                0x00083f70                PIOC_Handler
                0x00083f70                BusFault_Handler
                0x00083f70                RSTC_Handler
                0x00083f70                TC0_Handler
                0x00083f70                TC5_Handler
                0x00083f70                SPI0_Handler
 .text.SVC_Handler
                0x00083f72        0x4 C:\Users\ccj\AppData\Local\Temp\VMBuilds\ArduinoDueIpCamera\arduino_due_x_dbg\Debug/core.a(cortex_handlers.c.o)
                0x00083f72                SVC_Handler
 .text.PendSV_Handler
                0x00083f76        0x4 C:\Users\ccj\AppData\Local\Temp\VMBuilds\ArduinoDueIpCamera\arduino_due_x_dbg\Debug/core.a(cortex_handlers.c.o)
                0x00083f76                PendSV_Handler
 .text.SysTick_Handler
                0x00083f7a       0x16 C:\Users\ccj\AppData\Local\Temp\VMBuilds\ArduinoDueIpCamera\arduino_due_x_dbg\Debug/core.a(cortex_handlers.c.o)
                0x00083f7a                SysTick_Handler
 .text.__empty  0x00083f90        0x2 C:\Users\ccj\AppData\Local\Temp\VMBuilds\ArduinoDueIpCamera\arduino_due_x_dbg\Debug/core.a(hooks.c.o)
                0x00083f90                yield
 .text.__false  0x00083f92        0x4 C:\Users\ccj\AppData\Local\Temp\VMBuilds\ArduinoDueIpCamera\arduino_due_x_dbg\Debug/core.a(hooks.c.o)
                0x00083f92                sysTickHook
 .text.__halt   0x00083f96        0x2 C:\Users\ccj\AppData\Local\Temp\VMBuilds\ArduinoDueIpCamera\arduino_due_x_dbg\Debug/core.a(hooks.c.o)
                0x00083f96                svcHook
                0x00083f96                pendSVHook
 .text._sbrk    0x00083f98       0x1c C:\Users\ccj\AppData\Local\Temp\VMBuilds\ArduinoDueIpCamera\arduino_due_x_dbg\Debug/core.a(syscalls_sam3.c.o)
                0x00083f98                _sbrk
 .text.link     0x00083fb4        0x6 C:\Users\ccj\AppData\Local\Temp\VMBuilds\ArduinoDueIpCamera\arduino_due_x_dbg\Debug/core.a(syscalls_sam3.c.o)
                0x00083fb4                link
 .text._close   0x00083fba        0x6 C:\Users\ccj\AppData\Local\Temp\VMBuilds\ArduinoDueIpCamera\arduino_due_x_dbg\Debug/core.a(syscalls_sam3.c.o)
                0x00083fba                _close
 .text._fstat   0x00083fc0        0xa C:\Users\ccj\AppData\Local\Temp\VMBuilds\ArduinoDueIpCamera\arduino_due_x_dbg\Debug/core.a(syscalls_sam3.c.o)
                0x00083fc0                _fstat
 .text._isatty  0x00083fca        0x4 C:\Users\ccj\AppData\Local\Temp\VMBuilds\ArduinoDueIpCamera\arduino_due_x_dbg\Debug/core.a(syscalls_sam3.c.o)
                0x00083fca                _isatty
 .text._lseek   0x00083fce        0x4 C:\Users\ccj\AppData\Local\Temp\VMBuilds\ArduinoDueIpCamera\arduino_due_x_dbg\Debug/core.a(syscalls_sam3.c.o)
                0x00083fce                _lseek
 .text._read    0x00083fd2        0x4 C:\Users\ccj\AppData\Local\Temp\VMBuilds\ArduinoDueIpCamera\arduino_due_x_dbg\Debug/core.a(syscalls_sam3.c.o)
                0x00083fd2                _read
 *fill*         0x00083fd6        0x2 
 .text._write   0x00083fd8       0x24 C:\Users\ccj\AppData\Local\Temp\VMBuilds\ArduinoDueIpCamera\arduino_due_x_dbg\Debug/core.a(syscalls_sam3.c.o)
                0x00083fd8                _write
 .text._exit    0x00083ffc       0x10 C:\Users\ccj\AppData\Local\Temp\VMBuilds\ArduinoDueIpCamera\arduino_due_x_dbg\Debug/core.a(syscalls_sam3.c.o)
                0x00083ffc                _exit
 .text._kill    0x0008400c        0x2 C:\Users\ccj\AppData\Local\Temp\VMBuilds\ArduinoDueIpCamera\arduino_due_x_dbg\Debug/core.a(syscalls_sam3.c.o)
                0x0008400c                _kill
 .text._getpid  0x0008400e        0x6 C:\Users\ccj\AppData\Local\Temp\VMBuilds\ArduinoDueIpCamera\arduino_due_x_dbg\Debug/core.a(syscalls_sam3.c.o)
                0x0008400e                _getpid
 .text.millis   0x00084014        0x4 C:\Users\ccj\AppData\Local\Temp\VMBuilds\ArduinoDueIpCamera\arduino_due_x_dbg\Debug/core.a(wiring.c.o)
                0x00084014                millis
 .text.delay    0x00084018       0x1c C:\Users\ccj\AppData\Local\Temp\VMBuilds\ArduinoDueIpCamera\arduino_due_x_dbg\Debug/core.a(wiring.c.o)
                0x00084018                delay
 .text.analogOutputInit
                0x00084034        0x2 C:\Users\ccj\AppData\Local\Temp\VMBuilds\ArduinoDueIpCamera\arduino_due_x_dbg\Debug/core.a(wiring_analog.c.o)
                0x00084034                analogOutputInit
 *fill*         0x00084036        0x2 
 .text.pinMode  0x00084038      0x108 C:\Users\ccj\AppData\Local\Temp\VMBuilds\ArduinoDueIpCamera\arduino_due_x_dbg\Debug/core.a(wiring_digital.c.o)
                0x00084038                pinMode
 .text.digitalWrite
                0x00084140       0x70 C:\Users\ccj\AppData\Local\Temp\VMBuilds\ArduinoDueIpCamera\arduino_due_x_dbg\Debug/core.a(wiring_digital.c.o)
                0x00084140                digitalWrite
 .text._ZNK9IPAddress7printToER5Print
                0x000841b0       0x3c C:\Users\ccj\AppData\Local\Temp\VMBuilds\ArduinoDueIpCamera\arduino_due_x_dbg\Debug/core.a(IPAddress.cpp.o)
                0x000841b0                IPAddress::printTo(Print&) const
 .text._ZN9IPAddressC2Ev
                0x000841ec       0x10 C:\Users\ccj\AppData\Local\Temp\VMBuilds\ArduinoDueIpCamera\arduino_due_x_dbg\Debug/core.a(IPAddress.cpp.o)
                0x000841ec                IPAddress::IPAddress()
                0x000841ec                IPAddress::IPAddress()
 .text._ZN9IPAddressC2Ehhhh
                0x000841fc       0x18 C:\Users\ccj\AppData\Local\Temp\VMBuilds\ArduinoDueIpCamera\arduino_due_x_dbg\Debug/core.a(IPAddress.cpp.o)
                0x000841fc                IPAddress::IPAddress(unsigned char, unsigned char, unsigned char, unsigned char)
                0x000841fc                IPAddress::IPAddress(unsigned char, unsigned char, unsigned char, unsigned char)
 .text._ZN9IPAddressC2EPKh
                0x00084214       0x10 C:\Users\ccj\AppData\Local\Temp\VMBuilds\ArduinoDueIpCamera\arduino_due_x_dbg\Debug/core.a(IPAddress.cpp.o)
                0x00084214                IPAddress::IPAddress(unsigned char const*)
                0x00084214                IPAddress::IPAddress(unsigned char const*)
 .text._ZN9IPAddressaSEPKh
                0x00084224        0x6 C:\Users\ccj\AppData\Local\Temp\VMBuilds\ArduinoDueIpCamera\arduino_due_x_dbg\Debug/core.a(IPAddress.cpp.o)
                0x00084224                IPAddress::operator=(unsigned char const*)
 *fill*         0x0008422a        0x2 
 .text.startup._GLOBAL__sub_I__ZN9IPAddressC2Ev
                0x0008422c       0x1c C:\Users\ccj\AppData\Local\Temp\VMBuilds\ArduinoDueIpCamera\arduino_due_x_dbg\Debug/core.a(IPAddress.cpp.o)
 .text.initVariant
                0x00084248        0x2 C:\Users\ccj\AppData\Local\Temp\VMBuilds\ArduinoDueIpCamera\arduino_due_x_dbg\Debug/core.a(main.cpp.o)
                0x00084248                initVariant
 *fill*         0x0008424a        0x2 
 .text.startup.main
                0x0008424c       0x38 C:\Users\ccj\AppData\Local\Temp\VMBuilds\ArduinoDueIpCamera\arduino_due_x_dbg\Debug/core.a(main.cpp.o)
                0x0008424c                main
 .text._Znwj    0x00084284        0x4 C:\Users\ccj\AppData\Local\Temp\VMBuilds\ArduinoDueIpCamera\arduino_due_x_dbg\Debug/core.a(new.cpp.o)
                0x00084284                operator new(unsigned int)
 .text._ZdlPv   0x00084288        0x4 C:\Users\ccj\AppData\Local\Temp\VMBuilds\ArduinoDueIpCamera\arduino_due_x_dbg\Debug/core.a(new.cpp.o)
                0x00084288                operator delete(void*)
 .text._ZN5Print5writeEPKhj
                0x0008428c       0x22 C:\Users\ccj\AppData\Local\Temp\VMBuilds\ArduinoDueIpCamera\arduino_due_x_dbg\Debug/core.a(Print.cpp.o)
                0x0008428c                Print::write(unsigned char const*, unsigned int)
 .text._ZN5Print5printEmi.part.3
                0x000842ae        0xc C:\Users\ccj\AppData\Local\Temp\VMBuilds\ArduinoDueIpCamera\arduino_due_x_dbg\Debug/core.a(Print.cpp.o)
 .text._ZN5Print5writeEPKc
                0x000842ba       0x1e C:\Users\ccj\AppData\Local\Temp\VMBuilds\ArduinoDueIpCamera\arduino_due_x_dbg\Debug/core.a(Print.cpp.o)
                0x000842ba                Print::write(char const*)
 .text._ZN5Print5printERK6String
                0x000842d8       0x10 C:\Users\ccj\AppData\Local\Temp\VMBuilds\ArduinoDueIpCamera\arduino_due_x_dbg\Debug/core.a(Print.cpp.o)
                0x000842d8                Print::print(String const&)
 .text._ZN5Print5printEPKc
                0x000842e8        0x8 C:\Users\ccj\AppData\Local\Temp\VMBuilds\ArduinoDueIpCamera\arduino_due_x_dbg\Debug/core.a(Print.cpp.o)
                0x000842e8                Print::print(char const*)
 .text._ZN5Print5printEc
                0x000842f0        0xa C:\Users\ccj\AppData\Local\Temp\VMBuilds\ArduinoDueIpCamera\arduino_due_x_dbg\Debug/core.a(Print.cpp.o)
                0x000842f0                Print::print(char)
 .text._ZN5Print5printERK9Printable
                0x000842fa       0x10 C:\Users\ccj\AppData\Local\Temp\VMBuilds\ArduinoDueIpCamera\arduino_due_x_dbg\Debug/core.a(Print.cpp.o)
                0x000842fa                Print::print(Printable const&)
 *fill*         0x0008430a        0x2 
 .text._ZN5Print7printlnEv
                0x0008430c       0x10 C:\Users\ccj\AppData\Local\Temp\VMBuilds\ArduinoDueIpCamera\arduino_due_x_dbg\Debug/core.a(Print.cpp.o)
                0x0008430c                Print::println()
 .text._ZN5Print7printlnEPKc
                0x0008431c       0x14 C:\Users\ccj\AppData\Local\Temp\VMBuilds\ArduinoDueIpCamera\arduino_due_x_dbg\Debug/core.a(Print.cpp.o)
                0x0008431c                Print::println(char const*)
 .text._ZN5Print7printlnERK9Printable
                0x00084330       0x14 C:\Users\ccj\AppData\Local\Temp\VMBuilds\ArduinoDueIpCamera\arduino_due_x_dbg\Debug/core.a(Print.cpp.o)
                0x00084330                Print::println(Printable const&)
 .text._ZN5Print11printNumberEmh
                0x00084344       0x3e C:\Users\ccj\AppData\Local\Temp\VMBuilds\ArduinoDueIpCamera\arduino_due_x_dbg\Debug/core.a(Print.cpp.o)
                0x00084344                Print::printNumber(unsigned long, unsigned char)
 .text._ZN5Print5printEli
                0x00084382       0x3c C:\Users\ccj\AppData\Local\Temp\VMBuilds\ArduinoDueIpCamera\arduino_due_x_dbg\Debug/core.a(Print.cpp.o)
                0x00084382                Print::print(long, int)
 .text._ZN5Print5printEii
                0x000843be        0x4 C:\Users\ccj\AppData\Local\Temp\VMBuilds\ArduinoDueIpCamera\arduino_due_x_dbg\Debug/core.a(Print.cpp.o)
                0x000843be                Print::print(int, int)
 .text._ZN5Print5printEmi
                0x000843c2        0xc C:\Users\ccj\AppData\Local\Temp\VMBuilds\ArduinoDueIpCamera\arduino_due_x_dbg\Debug/core.a(Print.cpp.o)
                0x000843c2                Print::print(unsigned long, int)
 .text._ZN5Print5printEhi
                0x000843ce        0x4 C:\Users\ccj\AppData\Local\Temp\VMBuilds\ArduinoDueIpCamera\arduino_due_x_dbg\Debug/core.a(Print.cpp.o)
                0x000843ce                Print::print(unsigned char, int)
 .text._ZN5Print7printlnEhi
                0x000843d2       0x14 C:\Users\ccj\AppData\Local\Temp\VMBuilds\ArduinoDueIpCamera\arduino_due_x_dbg\Debug/core.a(Print.cpp.o)
                0x000843d2                Print::println(unsigned char, int)
 .text._ZN5Print7printlnEmi
                0x000843e6       0x14 C:\Users\ccj\AppData\Local\Temp\VMBuilds\ArduinoDueIpCamera\arduino_due_x_dbg\Debug/core.a(Print.cpp.o)
                0x000843e6                Print::println(unsigned long, int)
 *fill*         0x000843fa        0x2 
 .text.initiateReset
                0x000843fc        0xc C:\Users\ccj\AppData\Local\Temp\VMBuilds\ArduinoDueIpCamera\arduino_due_x_dbg\Debug/core.a(Reset.cpp.o)
                0x000843fc                initiateReset
 .text.cancelReset
                0x00084408       0x10 C:\Users\ccj\AppData\Local\Temp\VMBuilds\ArduinoDueIpCamera\arduino_due_x_dbg\Debug/core.a(Reset.cpp.o)
                0x00084408                cancelReset
 .text.tickReset
                0x00084418       0x20 C:\Users\ccj\AppData\Local\Temp\VMBuilds\ArduinoDueIpCamera\arduino_due_x_dbg\Debug/core.a(Reset.cpp.o)
                0x00084418                tickReset
 .text._ZN10RingBufferC2Ev
                0x00084438       0x1a C:\Users\ccj\AppData\Local\Temp\VMBuilds\ArduinoDueIpCamera\arduino_due_x_dbg\Debug/core.a(RingBuffer.cpp.o)
                0x00084438                RingBuffer::RingBuffer()
                0x00084438                RingBuffer::RingBuffer()
 .text._ZN10RingBuffer10store_charEh
                0x00084452       0x1e C:\Users\ccj\AppData\Local\Temp\VMBuilds\ArduinoDueIpCamera\arduino_due_x_dbg\Debug/core.a(RingBuffer.cpp.o)
                0x00084452                RingBuffer::store_char(unsigned char)
 .text._ZN9UARTClasscvbEv
                0x00084470        0x4 C:\Users\ccj\AppData\Local\Temp\VMBuilds\ArduinoDueIpCamera\arduino_due_x_dbg\Debug/core.a(UARTClass.cpp.o)
                0x00084470                UARTClass::operator bool()
 .text._ZN9UARTClass9availableEv
                0x00084474       0x12 C:\Users\ccj\AppData\Local\Temp\VMBuilds\ArduinoDueIpCamera\arduino_due_x_dbg\Debug/core.a(UARTClass.cpp.o)
                0x00084474                UARTClass::available()
 .text._ZN9UARTClass4peekEv
                0x00084486       0x1c C:\Users\ccj\AppData\Local\Temp\VMBuilds\ArduinoDueIpCamera\arduino_due_x_dbg\Debug/core.a(UARTClass.cpp.o)
                0x00084486                UARTClass::peek()
 .text._ZN9UARTClass4readEv
                0x000844a2       0x2a C:\Users\ccj\AppData\Local\Temp\VMBuilds\ArduinoDueIpCamera\arduino_due_x_dbg\Debug/core.a(UARTClass.cpp.o)
                0x000844a2                UARTClass::read()
 .text._ZN9UARTClass5flushEv
                0x000844cc       0x18 C:\Users\ccj\AppData\Local\Temp\VMBuilds\ArduinoDueIpCamera\arduino_due_x_dbg\Debug/core.a(UARTClass.cpp.o)
                0x000844cc                UARTClass::flush()
 .text._ZN9UARTClass5writeEh
                0x000844e4       0x54 C:\Users\ccj\AppData\Local\Temp\VMBuilds\ArduinoDueIpCamera\arduino_due_x_dbg\Debug/core.a(UARTClass.cpp.o)
                0x000844e4                UARTClass::write(unsigned char)
 .text._ZN9UARTClass3endEv
                0x00084538       0x3c C:\Users\ccj\AppData\Local\Temp\VMBuilds\ArduinoDueIpCamera\arduino_due_x_dbg\Debug/core.a(UARTClass.cpp.o)
                0x00084538                UARTClass::end()
 .text._ZN9UARTClassC2EP4Uart4IRQnmP10RingBufferS4_
                0x00084574       0x24 C:\Users\ccj\AppData\Local\Temp\VMBuilds\ArduinoDueIpCamera\arduino_due_x_dbg\Debug/core.a(UARTClass.cpp.o)
                0x00084574                UARTClass::UARTClass(Uart*, IRQn, unsigned long, RingBuffer*, RingBuffer*)
                0x00084574                UARTClass::UARTClass(Uart*, IRQn, unsigned long, RingBuffer*, RingBuffer*)
 .text._ZN9UARTClass4initEmm
                0x00084598       0x70 C:\Users\ccj\AppData\Local\Temp\VMBuilds\ArduinoDueIpCamera\arduino_due_x_dbg\Debug/core.a(UARTClass.cpp.o)
                0x00084598                UARTClass::init(unsigned long, unsigned long)
 .text._ZN9UARTClass5beginEm
                0x00084608        0x8 C:\Users\ccj\AppData\Local\Temp\VMBuilds\ArduinoDueIpCamera\arduino_due_x_dbg\Debug/core.a(UARTClass.cpp.o)
                0x00084608                UARTClass::begin(unsigned long)
 .text._ZN9UARTClass10IrqHandlerEv
                0x00084610       0x5a C:\Users\ccj\AppData\Local\Temp\VMBuilds\ArduinoDueIpCamera\arduino_due_x_dbg\Debug/core.a(UARTClass.cpp.o)
                0x00084610                UARTClass::IrqHandler()
 .text._ZN10USARTClass5beginEm
                0x0008466a        0x8 C:\Users\ccj\AppData\Local\Temp\VMBuilds\ArduinoDueIpCamera\arduino_due_x_dbg\Debug/core.a(USARTClass.cpp.o)
                0x0008466a                USARTClass::begin(unsigned long)
 *fill*         0x00084672        0x2 
 .text._ZN10USARTClassC2EP5Usart4IRQnmP10RingBufferS4_
                0x00084674       0x24 C:\Users\ccj\AppData\Local\Temp\VMBuilds\ArduinoDueIpCamera\arduino_due_x_dbg\Debug/core.a(USARTClass.cpp.o)
                0x00084674                USARTClass::USARTClass(Usart*, IRQn, unsigned long, RingBuffer*, RingBuffer*)
                0x00084674                USARTClass::USARTClass(Usart*, IRQn, unsigned long, RingBuffer*, RingBuffer*)
 .text._watchdogDefaultSetup
                0x00084698        0xc C:\Users\ccj\AppData\Local\Temp\VMBuilds\ArduinoDueIpCamera\arduino_due_x_dbg\Debug/core.a(watchdog.cpp.o)
                0x00084698                _watchdogDefaultSetup
                0x00084698                watchdogSetup()
 .text._Z6randoml
                0x000846a4       0x16 C:\Users\ccj\AppData\Local\Temp\VMBuilds\ArduinoDueIpCamera\arduino_due_x_dbg\Debug/core.a(WMath.cpp.o)
                0x000846a4                random(long)
 .text._Z6randomll
                0x000846ba       0x14 C:\Users\ccj\AppData\Local\Temp\VMBuilds\ArduinoDueIpCamera\arduino_due_x_dbg\Debug/core.a(WMath.cpp.o)
                0x000846ba                random(long, long)
 .text._ZN6StringD2Ev
                0x000846ce        0xe C:\Users\ccj\AppData\Local\Temp\VMBuilds\ArduinoDueIpCamera\arduino_due_x_dbg\Debug/core.a(WString.cpp.o)
                0x000846ce                String::~String()
                0x000846ce                String::~String()
 .text._ZN6String10invalidateEv
                0x000846dc       0x16 C:\Users\ccj\AppData\Local\Temp\VMBuilds\ArduinoDueIpCamera\arduino_due_x_dbg\Debug/core.a(WString.cpp.o)
                0x000846dc                String::invalidate()
 .text._ZN6String12changeBufferEj
                0x000846f2       0x18 C:\Users\ccj\AppData\Local\Temp\VMBuilds\ArduinoDueIpCamera\arduino_due_x_dbg\Debug/core.a(WString.cpp.o)
                0x000846f2                String::changeBuffer(unsigned int)
 .text._ZN6String7reserveEj
                0x0008470a       0x22 C:\Users\ccj\AppData\Local\Temp\VMBuilds\ArduinoDueIpCamera\arduino_due_x_dbg\Debug/core.a(WString.cpp.o)
                0x0008470a                String::reserve(unsigned int)
 .text._ZN6String4copyEPKcj
                0x0008472c       0x26 C:\Users\ccj\AppData\Local\Temp\VMBuilds\ArduinoDueIpCamera\arduino_due_x_dbg\Debug/core.a(WString.cpp.o)
                0x0008472c                String::copy(char const*, unsigned int)
 .text._ZN6StringC2EPKc
                0x00084752       0x24 C:\Users\ccj\AppData\Local\Temp\VMBuilds\ArduinoDueIpCamera\arduino_due_x_dbg\Debug/core.a(WString.cpp.o)
                0x00084752                String::String(char const*)
                0x00084752                String::String(char const*)
 .text._ZN6String6concatEPKcj
                0x00084776       0x2e C:\Users\ccj\AppData\Local\Temp\VMBuilds\ArduinoDueIpCamera\arduino_due_x_dbg\Debug/core.a(WString.cpp.o)
                0x00084776                String::concat(char const*, unsigned int)
 .text._ZplRK15StringSumHelperRK6String
                0x000847a4       0x1a C:\Users\ccj\AppData\Local\Temp\VMBuilds\ArduinoDueIpCamera\arduino_due_x_dbg\Debug/core.a(WString.cpp.o)
                0x000847a4                operator+(StringSumHelper const&, String const&)
 .text._ZplRK15StringSumHelperPKc
                0x000847be       0x24 C:\Users\ccj\AppData\Local\Temp\VMBuilds\ArduinoDueIpCamera\arduino_due_x_dbg\Debug/core.a(WString.cpp.o)
                0x000847be                operator+(StringSumHelper const&, char const*)
 *fill*         0x000847e2        0x2 
 .text.unlikely._ZL11USB_SendZlpv
                0x000847e4       0x20 C:\Users\ccj\AppData\Local\Temp\VMBuilds\ArduinoDueIpCamera\arduino_due_x_dbg\Debug/core.a(USBCore.cpp.o)
 .text._Z14USBD_Availablem
                0x00084804       0x2c C:\Users\ccj\AppData\Local\Temp\VMBuilds\ArduinoDueIpCamera\arduino_due_x_dbg\Debug/core.a(USBCore.cpp.o)
                0x00084804                USBD_Available(unsigned long)
 .text._Z9USBD_RecvmPvm
                0x00084830       0x7c C:\Users\ccj\AppData\Local\Temp\VMBuilds\ArduinoDueIpCamera\arduino_due_x_dbg\Debug/core.a(USBCore.cpp.o)
                0x00084830                USBD_Recv(unsigned long, void*, unsigned long)
 .text._Z9USBD_Recvm
                0x000848ac       0x22 C:\Users\ccj\AppData\Local\Temp\VMBuilds\ArduinoDueIpCamera\arduino_due_x_dbg\Debug/core.a(USBCore.cpp.o)
                0x000848ac                USBD_Recv(unsigned long)
 *fill*         0x000848ce        0x2 
 .text._Z9USBD_SendmPKvm
                0x000848d0       0x4c C:\Users\ccj\AppData\Local\Temp\VMBuilds\ArduinoDueIpCamera\arduino_due_x_dbg\Debug/core.a(USBCore.cpp.o)
                0x000848d0                USBD_Send(unsigned long, void const*, unsigned long)
 .text._Z16USBD_SendControlhPKvm
                0x0008491c       0x40 C:\Users\ccj\AppData\Local\Temp\VMBuilds\ArduinoDueIpCamera\arduino_due_x_dbg\Debug/core.a(USBCore.cpp.o)
                0x0008491c                USBD_SendControl(unsigned char, void const*, unsigned long)
 .text.unlikely._ZL24USB_SendStringDescriptorPKhi
                0x0008495c       0x64 C:\Users\ccj\AppData\Local\Temp\VMBuilds\ArduinoDueIpCamera\arduino_due_x_dbg\Debug/core.a(USBCore.cpp.o)
 .text._Z16USBD_RecvControlPvm
                0x000849c0       0x1c C:\Users\ccj\AppData\Local\Temp\VMBuilds\ArduinoDueIpCamera\arduino_due_x_dbg\Debug/core.a(USBCore.cpp.o)
                0x000849c0                USBD_RecvControl(void*, unsigned long)
 .text._Z26USBD_ClassInterfaceRequestR8USBSetup
                0x000849dc       0x1e C:\Users\ccj\AppData\Local\Temp\VMBuilds\ArduinoDueIpCamera\arduino_due_x_dbg\Debug/core.a(USBCore.cpp.o)
                0x000849dc                USBD_ClassInterfaceRequest(USBSetup&)
 .text._Z19USBD_SendInterfacesv
                0x000849fa       0x22 C:\Users\ccj\AppData\Local\Temp\VMBuilds\ArduinoDueIpCamera\arduino_due_x_dbg\Debug/core.a(USBCore.cpp.o)
                0x000849fa                USBD_SendInterfaces()
 .text._Z24USBD_SendOtherInterfacesv
                0x00084a1c       0x22 C:\Users\ccj\AppData\Local\Temp\VMBuilds\ArduinoDueIpCamera\arduino_due_x_dbg\Debug/core.a(USBCore.cpp.o)
                0x00084a1c                USBD_SendOtherInterfaces()
 .text._Z10USBD_Flushm
                0x00084a3e       0x16 C:\Users\ccj\AppData\Local\Temp\VMBuilds\ArduinoDueIpCamera\arduino_due_x_dbg\Debug/core.a(USBCore.cpp.o)
                0x00084a3e                USBD_Flush(unsigned long)
 .text._ZN10USBDevice_C2Ev
                0x00084a54       0x24 C:\Users\ccj\AppData\Local\Temp\VMBuilds\ArduinoDueIpCamera\arduino_due_x_dbg\Debug/core.a(USBCore.cpp.o)
                0x00084a54                USBDevice_::USBDevice_()
                0x00084a54                USBDevice_::USBDevice_()
 .text._ZN10USBDevice_6attachEv
                0x00084a78       0x20 C:\Users\ccj\AppData\Local\Temp\VMBuilds\ArduinoDueIpCamera\arduino_due_x_dbg\Debug/core.a(USBCore.cpp.o)
                0x00084a78                USBDevice_::attach()
 .text.startup._GLOBAL__sub_I_EndPoints
                0x00084a98        0xc C:\Users\ccj\AppData\Local\Temp\VMBuilds\ArduinoDueIpCamera\arduino_due_x_dbg\Debug/core.a(USBCore.cpp.o)
 .text._ZL7USB_ISRv
                0x00084aa4      0x454 C:\Users\ccj\AppData\Local\Temp\VMBuilds\ArduinoDueIpCamera\arduino_due_x_dbg\Debug/core.a(USBCore.cpp.o)
 .text._ZN7Serial_9availableEv
                0x00084ef8       0x18 C:\Users\ccj\AppData\Local\Temp\VMBuilds\ArduinoDueIpCamera\arduino_due_x_dbg\Debug/core.a(CDC.cpp.o)
                0x00084ef8                Serial_::available()
 .text._ZN7Serial_17availableForWriteEv
                0x00084f10        0x6 C:\Users\ccj\AppData\Local\Temp\VMBuilds\ArduinoDueIpCamera\arduino_due_x_dbg\Debug/core.a(CDC.cpp.o)
                0x00084f10                Serial_::availableForWrite()
 *fill*         0x00084f16        0x2 
 .text._ZN7Serial_4peekEv
                0x00084f18       0x20 C:\Users\ccj\AppData\Local\Temp\VMBuilds\ArduinoDueIpCamera\arduino_due_x_dbg\Debug/core.a(CDC.cpp.o)
                0x00084f18                Serial_::peek()
 .text._ZN7Serial_5writeEh
                0x00084f38       0x16 C:\Users\ccj\AppData\Local\Temp\VMBuilds\ArduinoDueIpCamera\arduino_due_x_dbg\Debug/core.a(CDC.cpp.o)
                0x00084f38                Serial_::write(unsigned char)
 *fill*         0x00084f4e        0x2 
 .text._ZN7Serial_4readEv
                0x00084f50       0x44 C:\Users\ccj\AppData\Local\Temp\VMBuilds\ArduinoDueIpCamera\arduino_due_x_dbg\Debug/core.a(CDC.cpp.o)
                0x00084f50                Serial_::read()
 .text._ZN7Serial_5flushEv
                0x00084f94        0x6 C:\Users\ccj\AppData\Local\Temp\VMBuilds\ArduinoDueIpCamera\arduino_due_x_dbg\Debug/core.a(CDC.cpp.o)
                0x00084f94                Serial_::flush()
 *fill*         0x00084f9a        0x2 
 .text._ZN7Serial_6acceptEv
                0x00084f9c       0x70 C:\Users\ccj\AppData\Local\Temp\VMBuilds\ArduinoDueIpCamera\arduino_due_x_dbg\Debug/core.a(CDC.cpp.o)
                0x00084f9c                Serial_::accept()
 .text._ZN7Serial_5writeEPKhj
                0x0008500c       0x2c C:\Users\ccj\AppData\Local\Temp\VMBuilds\ArduinoDueIpCamera\arduino_due_x_dbg\Debug/core.a(CDC.cpp.o)
                0x0008500c                Serial_::write(unsigned char const*, unsigned int)
 .text._Z16CDC_GetInterfacePh
                0x00085038       0x14 C:\Users\ccj\AppData\Local\Temp\VMBuilds\ArduinoDueIpCamera\arduino_due_x_dbg\Debug/core.a(CDC.cpp.o)
                0x00085038                CDC_GetInterface(unsigned char*)
 .text._Z21CDC_GetOtherInterfacePh
                0x0008504c       0x14 C:\Users\ccj\AppData\Local\Temp\VMBuilds\ArduinoDueIpCamera\arduino_due_x_dbg\Debug/core.a(CDC.cpp.o)
                0x0008504c                CDC_GetOtherInterface(unsigned char*)
 .text._Z9CDC_SetupR8USBSetup
                0x00085060       0x78 C:\Users\ccj\AppData\Local\Temp\VMBuilds\ArduinoDueIpCamera\arduino_due_x_dbg\Debug/core.a(CDC.cpp.o)
                0x00085060                CDC_Setup(USBSetup&)
 .text.startup._GLOBAL__sub_I_cdc_rx_buffer
                0x000850d8       0x1c C:\Users\ccj\AppData\Local\Temp\VMBuilds\ArduinoDueIpCamera\arduino_due_x_dbg\Debug/core.a(CDC.cpp.o)
 .text._ZN13PluggableUSB_12getInterfaceEPh
                0x000850f4       0x28 C:\Users\ccj\AppData\Local\Temp\VMBuilds\ArduinoDueIpCamera\arduino_due_x_dbg\Debug/core.a(PluggableUSB.cpp.o)
                0x000850f4                PluggableUSB_::getInterface(unsigned char*)
 .text._ZN13PluggableUSB_13getDescriptorER8USBSetup
                0x0008511c       0x1c C:\Users\ccj\AppData\Local\Temp\VMBuilds\ArduinoDueIpCamera\arduino_due_x_dbg\Debug/core.a(PluggableUSB.cpp.o)